<html>
<body>
<pre>
<h1>µVision Build Log</h1>
<h2>Tool Versions:</h2>
IDE-Version: µVision V5.35.0.0
Copyright (C) 2021 ARM Ltd and ARM Germany GmbH. All rights reserved.
License Information: Hieu Vo Trung Hieu, vo, LIC=FYKYW-Q78HD-45QT5-GMZRV-RY7S9-QLVG8
 
Tool Versions:
Toolchain:       MDK-ARM Plus  Version: 5.35.0.2
Toolchain Path:  C:\Keil_v5\ARM\ARMCC\Bin
C Compiler:      Armcc.exe V5.06 update 7 (build 960)
Assembler:       Armasm.exe V5.06 update 7 (build 960)
Linker/Locator:  ArmLink.exe V5.06 update 7 (build 960)
Library Manager: ArmAr.exe V5.06 update 7 (build 960)
Hex Converter:   FromElf.exe V5.06 update 7 (build 960)
CPU DLL:         SARMCM3.DLL V5.35.0.2
Dialog DLL:      DCM.DLL V1.17.3.0
Target DLL:      STLink\ST-LINKIII-KEIL_SWO.dll V3.0.9.0
Dialog DLL:      TCM.DLL V1.53.0.0
 
<h2>Project:</h2>
F:\STM32F446_Nucleo\ALL-C++\ALL_Temp.uvprojx
Project File Date:  04/28/2022

<h2>Output:</h2>
*** Using Compiler 'V5.06 update 7 (build 960)', folder: 'C:\Keil_v5\ARM\ARMCC\Bin'
Build target 'Temp'
creating preprocessor file for stm32f4xx_it.c...
creating preprocessor file for system_stm32f4xx.c...
creating preprocessor file for main.cpp...
compiling stm32f4xx_it.c...
creating preprocessor file for gpio_f4.c...
compiling system_stm32f4xx.c...
creating preprocessor file for f4_sys_tick.c...
compiling main.cpp...
SCR\main.cpp(29): warning:  #335-D: linkage specification is not allowed
  int main() {
SCR\main.cpp: 1 warning, 0 errors
creating preprocessor file for f4_fonts.c...
compiling gpio_f4.c...
compiling f4_sys_tick.c...
compiling f4_fonts.c...
creating preprocessor file for f4_mcp23017.c...
creating preprocessor file for f4_ssd1306.c...
creating preprocessor file for i2c_ds1307.c...
compiling f4_mcp23017.c...
compiling f4_ssd1306.c...
compiling i2c_ds1307.c...
creating preprocessor file for i2c_f4.c...
creating preprocessor file for i2c_mpu6050.c...
creating preprocessor file for i2c_pcf8574.c...
compiling i2c_f4.c...
compiling i2c_mpu6050.c...
creating preprocessor file for i2c_tcs34725.c...
compiling i2c_pcf8574.c...
creating preprocessor file for spi_f4.c...
creating preprocessor file for spi_mfrc522.c...
compiling i2c_tcs34725.c...
compiling spi_f4.c...
creating preprocessor file for w25q64_f4.c...
compiling spi_mfrc522.c...
creating preprocessor file for usart_f4.c...
assembling startup_stm32f446xx.s...
creating preprocessor file for misc.c...
compiling w25q64_f4.c...
creating preprocessor file for stm32f4xx_gpio.c...
compiling misc.c...
compiling usart_f4.c...
creating preprocessor file for stm32f4xx_i2c.c...
creating preprocessor file for stm32f4xx_spi.c...
compiling stm32f4xx_gpio.c...
compiling stm32f4xx_i2c.c...
creating preprocessor file for stm32f4xx_syscfg.c...
creating preprocessor file for stm32f4xx_tim.c...
compiling stm32f4xx_spi.c...
creating preprocessor file for stm32f4xx_usart.c...
compiling stm32f4xx_syscfg.c...
compiling stm32f4xx_usart.c...
compiling stm32f4xx_tim.c...
creating preprocessor file for stm32f4xx_rcc.c...
creating preprocessor file for stm32f4xx_exti.c...
creating preprocessor file for stm32f4xx_adc.c...
compiling stm32f4xx_rcc.c...
compiling stm32f4xx_exti.c...
creating preprocessor file for stm32f4xx_dma.c...
compiling stm32f4xx_adc.c...
creating preprocessor file for stm32f4xx_wwdg.c...
creating preprocessor file for stm32f4xx_iwdg.c...
compiling stm32f4xx_dma.c...
compiling stm32f4xx_wwdg.c...
compiling stm32f4xx_iwdg.c...
linking...
Program Size: Code=13066 RO-data=10786 RW-data=88 ZI-data=2896  
FromELF: creating hex file...
".\Objects\Temp.axf" - 0 Error(s), 1 Warning(s).

<h2>Software Packages used:</h2>

Package Vendor: Keil
                http://www.keil.com/pack/Keil.STM32F4xx_DFP.2.16.0.pack
                Keil.STM32F4xx_DFP.2.16.0
                STMicroelectronics STM32F4 Series Device Support, Drivers and Examples

<h2>Collection of Component include folders:</h2>
  C:\Users\Vo Trung Hieu\AppData\Local\Arm\Packs\Keil\STM32F4xx_DFP\2.16.0\Drivers\CMSIS\Device\ST\STM32F4xx\Include

<h2>Collection of Component Files used:</h2>
Build Time Elapsed:  00:00:15
</pre>
</body>
</html>
