<html>
<body>
<pre>
<h1>µVision Build Log</h1>
<h2>Tool Versions:</h2>
IDE-Version: µVision V5.36.0.0
Copyright (C) 2021 ARM Ltd and ARM Germany GmbH. All rights reserved.
License Information: Hieu Vo Trung Hieu, vo, LIC=285FJ-UXYHR-W4FSK-ZB4M7-3QT6X-EC0U0
 
Tool Versions:
Toolchain:       DK-ARM Developers Kit  Version: 5.36.0.0
Toolchain Path:  C:\Keil_v5\ARM\ARMCC\Bin
C Compiler:      Armcc.exe V5.06 update 7 (build 960)
Assembler:       Armasm.exe V5.06 update 7 (build 960)
Linker/Locator:  ArmLink.exe V5.06 update 7 (build 960)
Library Manager: ArmAr.exe V5.06 update 7 (build 960)
Hex Converter:   FromElf.exe V5.06 update 7 (build 960)
CPU DLL:         SARMCM3.DLL V5.36.0.0
Dialog DLL:      DCM.DLL V1.17.3.0
Target DLL:      STLink\ST-LINKIII-KEIL_SWO.dll V3.0.9.0
Dialog DLL:      TCM.DLL V1.53.0.0
 
<h2>Project:</h2>
F:\STM32F446_Nucleo\I2C - LCD\I2C_LCD.uvprojx
Project File Date:  12/26/2021

<h2>Output:</h2>
*** Using Compiler 'V5.06 update 7 (build 960)', folder: 'C:\Keil_v5\ARM\ARMCC\Bin'
Build target 'I2C'
creating preprocessor file for main.c...
creating preprocessor file for stm32f4xx_it.c...
creating preprocessor file for system_stm32f4xx.c...
creating preprocessor file for delay.c...
creating preprocessor file for usart2.c...
creating preprocessor file for i2c.c...
creating preprocessor file for i2c_lcd.c...
creating preprocessor file for stm32f4xx_rcc.c...
creating preprocessor file for stm32f4xx_gpio.c...
creating preprocessor file for stm32f4xx_tim.c...
compiling main.c...
creating preprocessor file for stm32f4xx_usart.c...
creating preprocessor file for stm32f4xx_i2c.c...
linking...
Program Size: Code=3452 RO-data=484 RW-data=16 ZI-data=1632  
FromELF: creating hex file...
".\Objects\Temp.axf" - 0 Error(s), 0 Warning(s).

<h2>Software Packages used:</h2>

Package Vendor: Keil
                http://www.keil.com/pack/Keil.STM32F4xx_DFP.2.15.0.pack
                Keil.STM32F4xx_DFP.2.15.0
                STMicroelectronics STM32F4 Series Device Support, Drivers and Examples

<h2>Collection of Component include folders:</h2>
  C:\Users\Vo Trung Hieu\AppData\Local\Arm\Packs\Keil\STM32F4xx_DFP\2.15.0\Drivers\CMSIS\Device\ST\STM32F4xx\Include

<h2>Collection of Component Files used:</h2>
Build Time Elapsed:  00:00:02
</pre>
</body>
</html>
