Component: ARM Compiler 5.06 update 7 (build 960) Tool: armlink [4d3601]

==============================================================================

Section Cross References

    main.o(i.GPIO_Config) refers to stm32f4xx_rcc.o(i.RCC_AHB1PeriphClockCmd) for RCC_AHB1PeriphClockCmd
    main.o(i.GPIO_Config) refers to stm32f4xx_gpio.o(i.GPIO_Init) for GPIO_Init
    main.o(i.GPIO_Config) refers to stm32f4xx_gpio.o(i.GPIO_WriteBit) for GPIO_WriteBit
    main.o(i.main) refers to _printf_percent.o(.ARM.Collect$$_printf_percent$$00000000) for _printf_percent
    main.o(i.main) refers to _printf_f.o(.ARM.Collect$$_printf_percent$$00000003) for _printf_f
    main.o(i.main) refers to printf1.o(x$fpl$printf1) for _printf_fp_dec
    main.o(i.main) refers to main.o(i.GPIO_Config) for GPIO_Config
    main.o(i.main) refers to delay.o(i.Timer6_Delay) for Timer6_Delay
    main.o(i.main) refers to usart2.o(i.USART2_Initstruct) for USART2_Initstruct
    main.o(i.main) refers to i2c.o(i.I2C_Initstruct) for I2C_Initstruct
    main.o(i.main) refers to i2c.o(i.I2C_Check_Connected) for I2C_Check_Connected
    main.o(i.main) refers to i2c_mpu6050.o(i.MPU6050_init) for MPU6050_init
    main.o(i.main) refers to i2c_mpu6050.o(i.MPU6050_Read_Accel) for MPU6050_Read_Accel
    main.o(i.main) refers to i2c_mpu6050.o(i.MPU6050_Temperature_sensor) for MPU6050_Temperature_sensor
    main.o(i.main) refers to i2c_mpu6050.o(i.MPU6050_Read_GYRO) for MPU6050_Read_GYRO
    main.o(i.main) refers to noretval__2printf.o(.text) for __2printf
    main.o(i.main) refers to delay.o(i.delay_ms) for delay_ms
    system_stm32f4xx.o(i.SystemCoreClockUpdate) refers to system_stm32f4xx.o(.data) for SystemCoreClock
    system_stm32f4xx.o(i.SystemInit) refers to system_stm32f4xx.o(i.SetSysClock) for SetSysClock
    delay.o(i.Timer6_Delay) refers to stm32f4xx_rcc.o(i.RCC_APB1PeriphClockCmd) for RCC_APB1PeriphClockCmd
    delay.o(i.Timer6_Delay) refers to stm32f4xx_tim.o(i.TIM_TimeBaseInit) for TIM_TimeBaseInit
    delay.o(i.Timer6_Delay) refers to stm32f4xx_tim.o(i.TIM_Cmd) for TIM_Cmd
    delay.o(i.delay_ms) refers to delay.o(i.delay_us) for delay_us
    delay.o(i.delay_us) refers to stm32f4xx_tim.o(i.TIM_SetCounter) for TIM_SetCounter
    delay.o(i.delay_us) refers to stm32f4xx_tim.o(i.TIM_GetCounter) for TIM_GetCounter
    usart2.o(i.USART2_Initstruct) refers to stm32f4xx_rcc.o(i.RCC_APB1PeriphClockCmd) for RCC_APB1PeriphClockCmd
    usart2.o(i.USART2_Initstruct) refers to stm32f4xx_rcc.o(i.RCC_AHB1PeriphClockCmd) for RCC_AHB1PeriphClockCmd
    usart2.o(i.USART2_Initstruct) refers to stm32f4xx_gpio.o(i.GPIO_Init) for GPIO_Init
    usart2.o(i.USART2_Initstruct) refers to stm32f4xx_gpio.o(i.GPIO_PinAFConfig) for GPIO_PinAFConfig
    usart2.o(i.USART2_Initstruct) refers to stm32f4xx_usart.o(i.USART_Init) for USART_Init
    usart2.o(i.USART2_Initstruct) refers to stm32f4xx_usart.o(i.USART_Cmd) for USART_Cmd
    usart2.o(i.Usart2_Send_Char) refers to stm32f4xx_usart.o(i.USART_SendData) for USART_SendData
    usart2.o(i.Usart2_Send_Char) refers to stm32f4xx_usart.o(i.USART_GetFlagStatus) for USART_GetFlagStatus
    usart2.o(i.Usart2_Send_String) refers to usart2.o(i.Usart2_Send_Char) for Usart2_Send_Char
    usart2.o(i.fputc) refers to usart2.o(i.Usart2_Send_Char) for Usart2_Send_Char
    i2c.o(i.I2C_Check_Connected) refers to _printf_percent.o(.ARM.Collect$$_printf_percent$$00000000) for _printf_percent
    i2c.o(i.I2C_Check_Connected) refers to _printf_x.o(.ARM.Collect$$_printf_percent$$0000000C) for _printf_x
    i2c.o(i.I2C_Check_Connected) refers to _printf_s.o(.ARM.Collect$$_printf_percent$$00000014) for _printf_s
    i2c.o(i.I2C_Check_Connected) refers to _printf_hex_int.o(.text) for _printf_longlong_hex
    i2c.o(i.I2C_Check_Connected) refers to _printf_str.o(.text) for _printf_str
    i2c.o(i.I2C_Check_Connected) refers to i2c.o(i.I2C_Start) for I2C_Start
    i2c.o(i.I2C_Check_Connected) refers to i2c.o(i.I2C_Send_ADD) for I2C_Send_ADD
    i2c.o(i.I2C_Check_Connected) refers to i2c.o(i.I2C_Stop) for I2C_Stop
    i2c.o(i.I2C_Check_Connected) refers to stm32f4xx_i2c.o(i.I2C_GetFlagStatus) for I2C_GetFlagStatus
    i2c.o(i.I2C_Check_Connected) refers to noretval__2printf.o(.text) for __2printf
    i2c.o(i.I2C_Initstruct) refers to stm32f4xx_rcc.o(i.RCC_APB1PeriphClockCmd) for RCC_APB1PeriphClockCmd
    i2c.o(i.I2C_Initstruct) refers to stm32f4xx_rcc.o(i.RCC_AHB1PeriphClockCmd) for RCC_AHB1PeriphClockCmd
    i2c.o(i.I2C_Initstruct) refers to stm32f4xx_gpio.o(i.GPIO_Init) for GPIO_Init
    i2c.o(i.I2C_Initstruct) refers to stm32f4xx_gpio.o(i.GPIO_PinAFConfig) for GPIO_PinAFConfig
    i2c.o(i.I2C_Initstruct) refers to stm32f4xx_i2c.o(i.I2C_Init) for I2C_Init
    i2c.o(i.I2C_Initstruct) refers to stm32f4xx_i2c.o(i.I2C_Cmd) for I2C_Cmd
    i2c.o(i.I2C_Initstruct) refers to stm32f4xx_i2c.o(i.I2C_AcknowledgeConfig) for I2C_AcknowledgeConfig
    i2c.o(i.I2C_Read) refers to stm32f4xx_i2c.o(i.I2C_AcknowledgeConfig) for I2C_AcknowledgeConfig
[...]
    Removing stm32f4xx_usart.o(i.USART_LINCmd), (24 bytes).
    Removing stm32f4xx_usart.o(i.USART_OneBitMethodCmd), (24 bytes).
    Removing stm32f4xx_usart.o(i.USART_OverSampling8Cmd), (22 bytes).
    Removing stm32f4xx_usart.o(i.USART_ReceiveData), (10 bytes).
    Removing stm32f4xx_usart.o(i.USART_ReceiverWakeUpCmd), (24 bytes).
    Removing stm32f4xx_usart.o(i.USART_SendBreak), (10 bytes).
    Removing stm32f4xx_usart.o(i.USART_SetAddress), (18 bytes).
    Removing stm32f4xx_usart.o(i.USART_SetGuardTime), (16 bytes).
    Removing stm32f4xx_usart.o(i.USART_SetPrescaler), (16 bytes).
    Removing stm32f4xx_usart.o(i.USART_SmartCardCmd), (24 bytes).
    Removing stm32f4xx_usart.o(i.USART_SmartCardNACKCmd), (24 bytes).
    Removing stm32f4xx_usart.o(i.USART_StructInit), (24 bytes).
    Removing stm32f4xx_usart.o(i.USART_WakeUpConfig), (18 bytes).
    Removing stm32f4xx_i2c.o(.rev16_text), (4 bytes).
    Removing stm32f4xx_i2c.o(.revsh_text), (4 bytes).
    Removing stm32f4xx_i2c.o(.rrx_text), (6 bytes).
    Removing stm32f4xx_i2c.o(i.I2C_ARPCmd), (24 bytes).
    Removing stm32f4xx_i2c.o(i.I2C_AnalogFilterCmd), (24 bytes).
    Removing stm32f4xx_i2c.o(i.I2C_CalculatePEC), (24 bytes).
    Removing stm32f4xx_i2c.o(i.I2C_ClearFlag), (12 bytes).
    Removing stm32f4xx_i2c.o(i.I2C_ClearITPendingBit), (12 bytes).
    Removing stm32f4xx_i2c.o(i.I2C_DMACmd), (24 bytes).
    Removing stm32f4xx_i2c.o(i.I2C_DMALastTransferCmd), (24 bytes).
    Removing stm32f4xx_i2c.o(i.I2C_DeInit), (96 bytes).
    Removing stm32f4xx_i2c.o(i.I2C_DigitalFilterConfig), (22 bytes).
    Removing stm32f4xx_i2c.o(i.I2C_DualAddressCmd), (24 bytes).
    Removing stm32f4xx_i2c.o(i.I2C_FastModeDutyCycleConfig), (28 bytes).
    Removing stm32f4xx_i2c.o(i.I2C_GeneralCallCmd), (24 bytes).
    Removing stm32f4xx_i2c.o(i.I2C_GetITStatus), (38 bytes).
    Removing stm32f4xx_i2c.o(i.I2C_GetLastEvent), (26 bytes).
    Removing stm32f4xx_i2c.o(i.I2C_GetPEC), (8 bytes).
    Removing stm32f4xx_i2c.o(i.I2C_ITConfig), (18 bytes).
    Removing stm32f4xx_i2c.o(i.I2C_NACKPositionConfig), (28 bytes).
    Removing stm32f4xx_i2c.o(i.I2C_OwnAddress2Config), (22 bytes).
    Removing stm32f4xx_i2c.o(i.I2C_PECPositionConfig), (28 bytes).
    Removing stm32f4xx_i2c.o(i.I2C_ReadRegister), (22 bytes).
    Removing stm32f4xx_i2c.o(i.I2C_SMBusAlertConfig), (28 bytes).
    Removing stm32f4xx_i2c.o(i.I2C_SoftwareResetCmd), (22 bytes).
    Removing stm32f4xx_i2c.o(i.I2C_StretchClockCmd), (24 bytes).
    Removing stm32f4xx_i2c.o(i.I2C_StructInit), (30 bytes).
    Removing stm32f4xx_i2c.o(i.I2C_TransmitPEC), (24 bytes).

263 unused section(s) (total 8058 bytes) removed from the image.

==============================================================================

Image Symbol Table

    Local Symbols

    Symbol Name                              Value     Ov Type        Size  Object(Section)

    ../clib/angel/boardlib.s                 0x00000000   Number         0  boardshut.o ABSOLUTE
    ../clib/angel/boardlib.s                 0x00000000   Number         0  boardinit1.o ABSOLUTE
    ../clib/angel/boardlib.s                 0x00000000   Number         0  boardinit2.o ABSOLUTE
    ../clib/angel/boardlib.s                 0x00000000   Number         0  boardinit3.o ABSOLUTE
    ../clib/angel/handlers.s                 0x00000000   Number         0  __scatter_zi.o ABSOLUTE
    ../clib/angel/handlers.s                 0x00000000   Number         0  __scatter_copy.o ABSOLUTE
    ../clib/angel/kernel.s                   0x00000000   Number         0  rtexit2.o ABSOLUTE
    ../clib/angel/kernel.s                   0x00000000   Number         0  __rtentry4.o ABSOLUTE
    ../clib/angel/kernel.s                   0x00000000   Number         0  __rtentry.o ABSOLUTE
    ../clib/angel/kernel.s                   0x00000000   Number         0  rtexit.o ABSOLUTE
    ../clib/angel/kernel.s                   0x00000000   Number         0  __rtentry2.o ABSOLUTE
    ../clib/angel/rt.s                       0x00000000   Number         0  rt_raise.o ABSOLUTE
    ../clib/angel/rt.s                       0x00000000   Number         0  rt_locale.o ABSOLUTE
    ../clib/angel/rt.s                       0x00000000   Number         0  rt_locale_intlibspace.o ABSOLUTE
    ../clib/angel/scatter.s                  0x00000000   Number         0  __scatter.o ABSOLUTE
    ../clib/angel/startup.s                  0x00000000   Number         0  __main.o ABSOLUTE
    ../clib/angel/sys.s                      0x00000000   Number         0  indicate_semi.o ABSOLUTE
    ../clib/angel/sys.s                      0x00000000   Number         0  use_no_semi.o ABSOLUTE
    ../clib/angel/sys.s                      0x00000000   Number         0  sys_stackheap_outer.o ABSOLUTE
    ../clib/angel/sys.s                      0x00000000   Number         0  libspace.o ABSOLUTE
    ../clib/angel/sysapp.c                   0x00000000   Number         0  sys_command.o ABSOLUTE
    ../clib/angel/sysapp.c                   0x00000000   Number         0  sys_wrch.o ABSOLUTE
    ../clib/angel/sysapp.c                   0x00000000   Number         0  sys_exit.o ABSOLUTE
    ../clib/armsys.c                         0x00000000   Number         0  argv_veneer.o ABSOLUTE
    ../clib/armsys.c                         0x00000000   Number         0  argv_veneer.o ABSOLUTE
    ../clib/armsys.c                         0x00000000   Number         0  no_argv.o ABSOLUTE
    ../clib/armsys.c                         0x00000000   Number         0  _get_argv_nomalloc.o ABSOLUTE
    ../clib/bigflt.c                         0x00000000   Number         0  bigflt0.o ABSOLUTE
    ../clib/btod.s                           0x00000000   Number         0  btod.o ABSOLUTE
    ../clib/heapalloc.c                      0x00000000   Number         0  hrguard.o ABSOLUTE
    ../clib/heapaux.c                        0x00000000   Number         0  heapauxi.o ABSOLUTE
    ../clib/libinit.s                        0x00000000   Number         0  libshutdown2.o ABSOLUTE
    ../clib/libinit.s                        0x00000000   Number         0  libshutdown.o ABSOLUTE
    ../clib/libinit.s                        0x00000000   Number         0  libinit.o ABSOLUTE
    ../clib/libinit.s                        0x00000000   Number         0  libinit2.o ABSOLUTE
    ../clib/locale.s                         0x00000000   Number         0  lc_numeric_c.o ABSOLUTE
    ../clib/longlong.s                       0x00000000   Number         0  lludiv10.o ABSOLUTE
    ../clib/memcpset.s                       0x00000000   Number         0  strcmpv7m.o ABSOLUTE
    ../clib/misc.s                           0x00000000   Number         0  printf_stubs.o ABSOLUTE
    ../clib/printf.c                         0x00000000   Number         0  noretval__2printf.o ABSOLUTE
    ../clib/printf.c                         0x00000000   Number         0  _printf_hex_int_ll.o ABSOLUTE
    ../clib/printf.c                         0x00000000   Number         0  __2printf.o ABSOLUTE
    ../clib/printf.c                         0x00000000   Number         0  _printf_fp_infnan.o ABSOLUTE
    ../clib/printf.c                         0x00000000   Number         0  __printf_ss.o ABSOLUTE
    ../clib/printf.c                         0x00000000   Number         0  __printf_nopercent.o ABSOLUTE
    ../clib/printf.c                         0x00000000   Number         0  _printf_char_common.o ABSOLUTE
    ../clib/printf.c                         0x00000000   Number         0  _printf_hex_ptr.o ABSOLUTE
    ../clib/printf.c                         0x00000000   Number         0  _printf_char_file.o ABSOLUTE
    ../clib/printf.c                         0x00000000   Number         0  _printf_hex_int_ptr.o ABSOLUTE
    ../clib/printf.c                         0x00000000   Number         0  _printf_intcommon.o ABSOLUTE
    ../clib/printf.c                         0x00000000   Number         0  _printf_char.o ABSOLUTE
    ../clib/printf.c                         0x00000000   Number         0  _printf_hex_int.o ABSOLUTE
    ../clib/printf.c                         0x00000000   Number         0  _printf_hex_ll_ptr.o ABSOLUTE
    ../clib/printf.c                         0x00000000   Number         0  _printf_hex_int_ll_ptr.o ABSOLUTE
    ../clib/printf.c                         0x00000000   Number         0  __printf_flags.o ABSOLUTE
    ../clib/printf.c                         0x00000000   Number         0  __printf_flags_ss_wp.o ABSOLUTE
    ../clib/printf.c                         0x00000000   Number         0  __printf_ss_wp.o ABSOLUTE
    ../clib/printf.c                         0x00000000   Number         0  __printf_flags_wp.o ABSOLUTE
    ../clib/printf.c                         0x00000000   Number         0  _printf_fp_dec.o ABSOLUTE
    ../clib/printf.c                         0x00000000   Number         0  __printf_wp.o ABSOLUTE
    ../clib/printf.c                         0x00000000   Number         0  __printf_flags_ss.o ABSOLUTE
    ../clib/printf.c                         0x00000000   Number         0  _printf_hex_ll.o ABSOLUTE
    ../clib/printf.c                         0x00000000   Number         0  _printf_str.o ABSOLUTE
    ../clib/printf.c                         0x00000000   Number         0  __printf.o ABSOLUTE
    ../clib/printf_percent.s                 0x00000000   Number         0  _printf_percent_end.o ABSOLUTE
    ../clib/printf_percent.s                 0x00000000   Number         0  _printf_percent.o ABSOLUTE
    ../clib/printf_percent.s                 0x00000000   Number         0  _printf_x.o ABSOLUTE
    ../clib/printf_percent.s                 0x00000000   Number         0  _printf_s.o ABSOLUTE
    ../clib/printf_percent.s                 0x00000000   Number         0  _printf_f.o ABSOLUTE
    ../clib/signal.c                         0x00000000   Number         0  __raise.o ABSOLUTE
    ../clib/signal.c                         0x00000000   Number         0  defsig_exit.o ABSOLUTE
    ../clib/signal.c                         0x00000000   Number         0  defsig_rtmem_formal.o ABSOLUTE
    ../clib/signal.c                         0x00000000   Number         0  defsig_rtmem_outer.o ABSOLUTE
    ../clib/signal.c                         0x00000000   Number         0  defsig_rtmem_inner.o ABSOLUTE
    ../clib/signal.c                         0x00000000   Number         0  defsig_general.o ABSOLUTE
    ../clib/signal.c                         0x00000000   Number         0  defsig_abrt_inner.o ABSOLUTE
    ../clib/signal.c                         0x00000000   Number         0  defsig_fpe_inner.o ABSOLUTE
    ../clib/signal.c                         0x00000000   Number         0  defsig_rtred_inner.o ABSOLUTE
    ../clib/signal.c                         0x00000000   Number         0  defsig_stak_inner.o ABSOLUTE
    ../clib/signal.c                         0x00000000   Number         0  defsig_pvfn_inner.o ABSOLUTE
    ../clib/signal.c                         0x00000000   Number         0  defsig_cppl_inner.o ABSOLUTE
    ../clib/signal.c                         0x00000000   Number         0  defsig_segv_inner.o ABSOLUTE
    ../clib/signal.c                         0x00000000   Number         0  defsig_other.o ABSOLUTE
    ../clib/signal.s                         0x00000000   Number         0  defsig.o ABSOLUTE
    ../clib/stdio.c                          0x00000000   Number         0  ferror.o ABSOLUTE
    ../clib/stdio.c                          0x00000000   Number         0  ferror_locked.o ABSOLUTE
    ../clib/stdlib.c                         0x00000000   Number         0  exit.o ABSOLUTE
    ../fplib/daddsub.s                       0x00000000   Number         0  daddsub_clz.o ABSOLUTE
    ../fplib/ddiv.s                          0x00000000   Number         0  ddiv.o ABSOLUTE
    ../fplib/dflt.s                          0x00000000   Number         0  dflt_clz.o ABSOLUTE
    ../fplib/dnaninf.s                       0x00000000   Number         0  dnaninf.o ABSOLUTE
    ../fplib/dretinf.s                       0x00000000   Number         0  dretinf.o ABSOLUTE
    ../fplib/fpinit.s                        0x00000000   Number         0  fpinit.o ABSOLUTE
    ../fplib/istatus.s                       0x00000000   Number         0  istatus.o ABSOLUTE
    ../fplib/printf1.s                       0x00000000   Number         0  printf1.o ABSOLUTE
    ../fplib/usenofp.s                       0x00000000   Number         0  usenofp.o ABSOLUTE
    ../mathlib/fpclassify.c                  0x00000000   Number         0  fpclassify.o ABSOLUTE
    Libraries\CMSIS\Device\ST\STM32F4xx\Source\Templates\arm\startup_stm32f446xx.s 0x00000000   Number         0  startup_stm32f446xx.o ABSOLUTE
    Libraries\STM32F4xx_StdPeriph_Driver\src\stm32f4xx_gpio.c 0x00000000   Number         0  stm32f4xx_gpio.o ABSOLUTE
    Libraries\STM32F4xx_StdPeriph_Driver\src\stm32f4xx_i2c.c 0x00000000   Number         0  stm32f4xx_i2c.o ABSOLUTE
    Libraries\STM32F4xx_StdPeriph_Driver\src\stm32f4xx_rcc.c 0x00000000   Number         0  stm32f4xx_rcc.o ABSOLUTE
    Libraries\STM32F4xx_StdPeriph_Driver\src\stm32f4xx_tim.c 0x00000000   Number         0  stm32f4xx_tim.o ABSOLUTE
    Libraries\STM32F4xx_StdPeriph_Driver\src\stm32f4xx_usart.c 0x00000000   Number         0  stm32f4xx_usart.o ABSOLUTE
    Libraries\\STM32F4xx_StdPeriph_Driver\\src\\stm32f4xx_gpio.c 0x00000000   Number         0  stm32f4xx_gpio.o ABSOLUTE
    Libraries\\STM32F4xx_StdPeriph_Driver\\src\\stm32f4xx_i2c.c 0x00000000   Number         0  stm32f4xx_i2c.o ABSOLUTE
    Libraries\\STM32F4xx_StdPeriph_Driver\\src\\stm32f4xx_rcc.c 0x00000000   Number         0  stm32f4xx_rcc.o ABSOLUTE
    Libraries\\STM32F4xx_StdPeriph_Driver\\src\\stm32f4xx_tim.c 0x00000000   Number         0  stm32f4xx_tim.o ABSOLUTE
    Libraries\\STM32F4xx_StdPeriph_Driver\\src\\stm32f4xx_usart.c 0x00000000   Number         0  stm32f4xx_usart.o ABSOLUTE
    SCR\\main.c                              0x00000000   Number         0  main.o ABSOLUTE
    SCR\\stm32f4xx_it.c                      0x00000000   Number         0  stm32f4xx_it.o ABSOLUTE
    SCR\\system_stm32f4xx.c                  0x00000000   Number         0  system_stm32f4xx.o ABSOLUTE
    SCR\main.c                               0x00000000   Number         0  main.o ABSOLUTE
    SCR\stm32f4xx_it.c                       0x00000000   Number         0  stm32f4xx_it.o ABSOLUTE
    SCR\system_stm32f4xx.c                   0x00000000   Number         0  system_stm32f4xx.o ABSOLUTE
    USER\\delay.c                            0x00000000   Number         0  delay.o ABSOLUTE
    USER\\i2c.c                              0x00000000   Number         0  i2c.o ABSOLUTE
    USER\\i2c_ds1307.c                       0x00000000   Number         0  i2c_ds1307.o ABSOLUTE
    USER\\i2c_mpu6050.c                      0x00000000   Number         0  i2c_mpu6050.o ABSOLUTE
    USER\\i2c_pcf8574.c                      0x00000000   Number         0  i2c_pcf8574.o ABSOLUTE
    USER\\usart2.c                           0x00000000   Number         0  usart2.o ABSOLUTE
    USER\delay.c                             0x00000000   Number         0  delay.o ABSOLUTE
    USER\i2c.c                               0x00000000   Number         0  i2c.o ABSOLUTE
    USER\i2c_ds1307.c                        0x00000000   Number         0  i2c_ds1307.o ABSOLUTE
    USER\i2c_mpu6050.c                       0x00000000   Number         0  i2c_mpu6050.o ABSOLUTE
    USER\i2c_pcf8574.c                       0x00000000   Number         0  i2c_pcf8574.o ABSOLUTE
    USER\usart2.c                            0x00000000   Number         0  usart2.o ABSOLUTE
    dc.s                                     0x00000000   Number         0  dc.o ABSOLUTE
    RESET                                    0x08000000   Section      452  startup_stm32f446xx.o(RESET)
    !!!main                                  0x080001c4   Section        8  __main.o(!!!main)
    !!!scatter                               0x080001cc   Section       52  __scatter.o(!!!scatter)
    !!handler_copy                           0x08000200   Section       26  __scatter_copy.o(!!handler_copy)
    !!handler_zi                             0x0800021c   Section       28  __scatter_zi.o(!!handler_zi)
    .ARM.Collect$$_printf_percent$$00000000  0x08000238   Section        0  _printf_percent.o(.ARM.Collect$$_printf_percent$$00000000)
    .ARM.Collect$$_printf_percent$$00000003  0x08000238   Section        6  _printf_f.o(.ARM.Collect$$_printf_percent$$00000003)
    .ARM.Collect$$_printf_percent$$0000000C  0x0800023e   Section        6  _printf_x.o(.ARM.Collect$$_printf_percent$$0000000C)
    .ARM.Collect$$_printf_percent$$00000014  0x08000244   Section        6  _printf_s.o(.ARM.Collect$$_printf_percent$$00000014)
    .ARM.Collect$$_printf_percent$$00000017  0x0800024a   Section        4  _printf_percent_end.o(.ARM.Collect$$_printf_percent$$00000017)
    .ARM.Collect$$libinit$$00000000          0x0800024e   Section        2  libinit.o(.ARM.Collect$$libinit$$00000000)
    .ARM.Collect$$libinit$$00000001          0x08000250   Section        4  libinit2.o(.ARM.Collect$$libinit$$00000001)
    .ARM.Collect$$libinit$$00000004          0x08000254   Section        0  libinit2.o(.ARM.Collect$$libinit$$00000004)
    .ARM.Collect$$libinit$$0000000A          0x08000254   Section        0  libinit2.o(.ARM.Collect$$libinit$$0000000A)
    .ARM.Collect$$libinit$$0000000C          0x08000254   Section        0  libinit2.o(.ARM.Collect$$libinit$$0000000C)
    .ARM.Collect$$libinit$$0000000E          0x08000254   Section        0  libinit2.o(.ARM.Collect$$libinit$$0000000E)
    .ARM.Collect$$libinit$$0000000F          0x08000254   Section        6  libinit2.o(.ARM.Collect$$libinit$$0000000F)
    .ARM.Collect$$libinit$$00000011          0x0800025a   Section        0  libinit2.o(.ARM.Collect$$libinit$$00000011)
    .ARM.Collect$$libinit$$00000013          0x0800025a   Section        0  libinit2.o(.ARM.Collect$$libinit$$00000013)
    .ARM.Collect$$libinit$$00000015          0x0800025a   Section        0  libinit2.o(.ARM.Collect$$libinit$$00000015)
    .ARM.Collect$$libinit$$00000016          0x0800025a   Section       10  libinit2.o(.ARM.Collect$$libinit$$00000016)
    .ARM.Collect$$libinit$$00000017          0x08000264   Section        0  libinit2.o(.ARM.Collect$$libinit$$00000017)
    .ARM.Collect$$libinit$$00000019          0x08000264   Section        0  libinit2.o(.ARM.Collect$$libinit$$00000019)
    .ARM.Collect$$libinit$$0000001B          0x08000264   Section        0  libinit2.o(.ARM.Collect$$libinit$$0000001B)
    .ARM.Collect$$libinit$$0000001D          0x08000264   Section        0  libinit2.o(.ARM.Collect$$libinit$$0000001D)
    .ARM.Collect$$libinit$$0000001F          0x08000264   Section        0  libinit2.o(.ARM.Collect$$libinit$$0000001F)
    .ARM.Collect$$libinit$$00000021          0x08000264   Section        0  libinit2.o(.ARM.Collect$$libinit$$00000021)
    .ARM.Collect$$libinit$$00000023          0x08000264   Section        0  libinit2.o(.ARM.Collect$$libinit$$00000023)
    .ARM.Collect$$libinit$$00000025          0x08000264   Section        0  libinit2.o(.ARM.Collect$$libinit$$00000025)
    .ARM.Collect$$libinit$$0000002C          0x08000264   Section        0  libinit2.o(.ARM.Collect$$libinit$$0000002C)
    .ARM.Collect$$libinit$$0000002E          0x08000264   Section        0  libinit2.o(.ARM.Collect$$libinit$$0000002E)
    .ARM.Collect$$libinit$$00000030          0x08000264   Section        0  libinit2.o(.ARM.Collect$$libinit$$00000030)
    .ARM.Collect$$libinit$$00000032          0x08000264   Section        0  libinit2.o(.ARM.Collect$$libinit$$00000032)
    .ARM.Collect$$libinit$$00000033          0x08000264   Section        2  libinit2.o(.ARM.Collect$$libinit$$00000033)
    .ARM.Collect$$libshutdown$$00000000      0x08000266   Section        2  libshutdown.o(.ARM.Collect$$libshutdown$$00000000)
    .ARM.Collect$$libshutdown$$00000002      0x08000268   Section        0  libshutdown2.o(.ARM.Collect$$libshutdown$$00000002)
    .ARM.Collect$$libshutdown$$00000004      0x08000268   Section        0  libshutdown2.o(.ARM.Collect$$libshutdown$$00000004)
    .ARM.Collect$$libshutdown$$00000006      0x08000268   Section        0  libshutdown2.o(.ARM.Collect$$libshutdown$$00000006)
    .ARM.Collect$$libshutdown$$00000009      0x08000268   Section        0  libshutdown2.o(.ARM.Collect$$libshutdown$$00000009)
    .ARM.Collect$$libshutdown$$0000000C      0x08000268   Section        0  libshutdown2.o(.ARM.Collect$$libshutdown$$0000000C)
    .ARM.Collect$$libshutdown$$0000000E      0x08000268   Section        0  libshutdown2.o(.ARM.Collect$$libshutdown$$0000000E)
    .ARM.Collect$$libshutdown$$00000011      0x08000268   Section        0  libshutdown2.o(.ARM.Collect$$libshutdown$$00000011)
    .ARM.Collect$$libshutdown$$00000012      0x08000268   Section        2  libshutdown2.o(.ARM.Collect$$libshutdown$$00000012)
    .ARM.Collect$$rtentry$$00000000          0x0800026a   Section        0  __rtentry.o(.ARM.Collect$$rtentry$$00000000)
    .ARM.Collect$$rtentry$$00000002          0x0800026a   Section        0  __rtentry2.o(.ARM.Collect$$rtentry$$00000002)
    .ARM.Collect$$rtentry$$00000004          0x0800026a   Section        6  __rtentry4.o(.ARM.Collect$$rtentry$$00000004)
    .ARM.Collect$$rtentry$$00000009          0x08000270   Section        0  __rtentry2.o(.ARM.Collect$$rtentry$$00000009)
    .ARM.Collect$$rtentry$$0000000A          0x08000270   Section        4  __rtentry2.o(.ARM.Collect$$rtentry$$0000000A)
    .ARM.Collect$$rtentry$$0000000C          0x08000274   Section        0  __rtentry2.o(.ARM.Collect$$rtentry$$0000000C)
    .ARM.Collect$$rtentry$$0000000D          0x08000274   Section        8  __rtentry2.o(.ARM.Collect$$rtentry$$0000000D)
    .ARM.Collect$$rtexit$$00000000           0x0800027c   Section        2  rtexit.o(.ARM.Collect$$rtexit$$00000000)
    .ARM.Collect$$rtexit$$00000002           0x0800027e   Section        0  rtexit2.o(.ARM.Collect$$rtexit$$00000002)
    .ARM.Collect$$rtexit$$00000003           0x0800027e   Section        4  rtexit2.o(.ARM.Collect$$rtexit$$00000003)
    .ARM.Collect$$rtexit$$00000004           0x08000282   Section        6  rtexit2.o(.ARM.Collect$$rtexit$$00000004)
    .text                                    0x08000288   Section       64  startup_stm32f446xx.o(.text)
    $v0                                      0x08000288   Number         0  startup_stm32f446xx.o(.text)
    .text                                    0x080002c8   Section        0  noretval__2printf.o(.text)
    .text                                    0x080002e0   Section        0  _printf_str.o(.text)
    .text                                    0x08000334   Section        0  _printf_hex_int.o(.text)
    .text                                    0x0800038c   Section        0  __printf_wp.o(.text)
    .text                                    0x0800049a   Section        0  heapauxi.o(.text)
    .text                                    0x080004a0   Section        0  _printf_intcommon.o(.text)
    .text                                    0x08000552   Section        0  _printf_fp_dec.o(.text)
    _fp_digits                               0x08000555   Thumb Code   432  _printf_fp_dec.o(.text)
    .text                                    0x08000970   Section        0  _printf_char.o(.text)
    .text                                    0x0800099c   Section        0  _printf_char_file.o(.text)
    .text                                    0x080009c0   Section        8  rt_locale_intlibspace.o(.text)
    .text                                    0x080009c8   Section      138  lludiv10.o(.text)
    .text                                    0x08000a54   Section        0  _printf_char_common.o(.text)
    _printf_input_char                       0x08000a55   Thumb Code    10  _printf_char_common.o(.text)
    .text                                    0x08000a84   Section        0  _printf_fp_infnan.o(.text)
    .text                                    0x08000b04   Section        0  bigflt0.o(.text)
    .text                                    0x08000be8   Section        0  ferror.o(.text)
    .text                                    0x08000bf0   Section        8  libspace.o(.text)
    .text                                    0x08000bf8   Section       74  sys_stackheap_outer.o(.text)
    .text                                    0x08000c42   Section        0  exit.o(.text)
    .text                                    0x08000c54   Section      128  strcmpv7m.o(.text)
    .text                                    0x08000cd4   Section        0  sys_exit.o(.text)
    .text                                    0x08000ce0   Section        2  use_no_semi.o(.text)
    .text                                    0x08000ce2   Section        0  indicate_semi.o(.text)
    CL$$btod_d2e                             0x08000ce2   Section       62  btod.o(CL$$btod_d2e)
    CL$$btod_d2e_denorm_low                  0x08000d20   Section       70  btod.o(CL$$btod_d2e_denorm_low)
    CL$$btod_d2e_norm_op1                    0x08000d66   Section       96  btod.o(CL$$btod_d2e_norm_op1)
    CL$$btod_div_common                      0x08000dc6   Section      824  btod.o(CL$$btod_div_common)
    CL$$btod_e2e                             0x080010fe   Section      220  btod.o(CL$$btod_e2e)
    CL$$btod_ediv                            0x080011da   Section       42  btod.o(CL$$btod_ediv)
    CL$$btod_emul                            0x08001204   Section       42  btod.o(CL$$btod_emul)
    CL$$btod_mult_common                     0x0800122e   Section      580  btod.o(CL$$btod_mult_common)
    i.BusFault_Handler                       0x08001472   Section        0  stm32f4xx_it.o(i.BusFault_Handler)
    i.DebugMon_Handler                       0x08001476   Section        0  stm32f4xx_it.o(i.DebugMon_Handler)
    i.GPIO_Config                            0x08001478   Section        0  main.o(i.GPIO_Config)
    i.GPIO_Init                              0x080014cc   Section        0  stm32f4xx_gpio.o(i.GPIO_Init)
    i.GPIO_PinAFConfig                       0x0800155c   Section        0  stm32f4xx_gpio.o(i.GPIO_PinAFConfig)
    i.GPIO_WriteBit                          0x080015a2   Section        0  stm32f4xx_gpio.o(i.GPIO_WriteBit)
    i.HardFault_Handler                      0x080015ac   Section        0  stm32f4xx_it.o(i.HardFault_Handler)
    i.I2C_AcknowledgeConfig                  0x080015b0   Section        0  stm32f4xx_i2c.o(i.I2C_AcknowledgeConfig)
    i.I2C_CheckEvent                         0x080015c8   Section        0  stm32f4xx_i2c.o(i.I2C_CheckEvent)
    i.I2C_Check_Connected                    0x080015f4   Section        0  i2c.o(i.I2C_Check_Connected)
    i.I2C_Cmd                                0x08001648   Section        0  stm32f4xx_i2c.o(i.I2C_Cmd)
    i.I2C_GenerateSTART                      0x08001660   Section        0  stm32f4xx_i2c.o(i.I2C_GenerateSTART)
    i.I2C_GenerateSTOP                       0x08001678   Section        0  stm32f4xx_i2c.o(i.I2C_GenerateSTOP)
    i.I2C_GetFlagStatus                      0x08001690   Section        0  stm32f4xx_i2c.o(i.I2C_GetFlagStatus)
    i.I2C_Init                               0x080016cc   Section        0  stm32f4xx_i2c.o(i.I2C_Init)
    i.I2C_Initstruct                         0x080017b4   Section        0  i2c.o(i.I2C_Initstruct)
    i.I2C_Read                               0x08001850   Section        0  i2c.o(i.I2C_Read)
    i.I2C_Read_Data                          0x080018a0   Section        0  i2c.o(i.I2C_Read_Data)
    i.I2C_ReceiveData                        0x080018d4   Section        0  stm32f4xx_i2c.o(i.I2C_ReceiveData)
    i.I2C_Send7bitAddress                    0x080018dc   Section        0  stm32f4xx_i2c.o(i.I2C_Send7bitAddress)
    i.I2C_SendData                           0x080018ec   Section        0  stm32f4xx_i2c.o(i.I2C_SendData)
    i.I2C_Send_ADD                           0x080018f0   Section        0  i2c.o(i.I2C_Send_ADD)
    i.I2C_Start                              0x0800193c   Section        0  i2c.o(i.I2C_Start)
    i.I2C_Stop                               0x08001968   Section        0  i2c.o(i.I2C_Stop)
    i.I2C_Write                              0x0800198c   Section        0  i2c.o(i.I2C_Write)
    i.I2C_Write_Data                         0x080019c4   Section        0  i2c.o(i.I2C_Write_Data)
    i.MPU6050_Read_Accel                     0x080019f8   Section        0  i2c_mpu6050.o(i.MPU6050_Read_Accel)
    i.MPU6050_Read_GYRO                      0x08001ae0   Section        0  i2c_mpu6050.o(i.MPU6050_Read_GYRO)
    i.MPU6050_Temperature_sensor             0x08001bc8   Section        0  i2c_mpu6050.o(i.MPU6050_Temperature_sensor)
    i.MPU6050_init                           0x08001c30   Section        0  i2c_mpu6050.o(i.MPU6050_init)
    i.MemManage_Handler                      0x08001c70   Section        0  stm32f4xx_it.o(i.MemManage_Handler)
    i.NMI_Handler                            0x08001c74   Section        0  stm32f4xx_it.o(i.NMI_Handler)
    i.PendSV_Handler                         0x08001c76   Section        0  stm32f4xx_it.o(i.PendSV_Handler)
    i.RCC_AHB1PeriphClockCmd                 0x08001c78   Section        0  stm32f4xx_rcc.o(i.RCC_AHB1PeriphClockCmd)
    i.RCC_APB1PeriphClockCmd                 0x08001c98   Section        0  stm32f4xx_rcc.o(i.RCC_APB1PeriphClockCmd)
    i.RCC_GetClocksFreq                      0x08001cb8   Section        0  stm32f4xx_rcc.o(i.RCC_GetClocksFreq)
    i.SVC_Handler                            0x08001e80   Section        0  stm32f4xx_it.o(i.SVC_Handler)
    i.SetSysClock                            0x08001e84   Section        0  system_stm32f4xx.o(i.SetSysClock)
    SetSysClock                              0x08001e85   Thumb Code   272  system_stm32f4xx.o(i.SetSysClock)
    i.SysTick_Handler                        0x08001fa4   Section        0  stm32f4xx_it.o(i.SysTick_Handler)
    i.SystemInit                             0x08001fa8   Section        0  system_stm32f4xx.o(i.SystemInit)
    i.TIM_Cmd                                0x08002010   Section        0  stm32f4xx_tim.o(i.TIM_Cmd)
    i.TIM_GetCounter                         0x08002028   Section        0  stm32f4xx_tim.o(i.TIM_GetCounter)
    i.TIM_SetCounter                         0x0800202e   Section        0  stm32f4xx_tim.o(i.TIM_SetCounter)
    i.TIM_TimeBaseInit                       0x08002034   Section        0  stm32f4xx_tim.o(i.TIM_TimeBaseInit)
    i.Timer6_Delay                           0x080020b8   Section        0  delay.o(i.Timer6_Delay)
    i.USART2_Initstruct                      0x080020e4   Section        0  usart2.o(i.USART2_Initstruct)
    i.USART_Cmd                              0x0800216c   Section        0  stm32f4xx_usart.o(i.USART_Cmd)
    i.USART_GetFlagStatus                    0x08002184   Section        0  stm32f4xx_usart.o(i.USART_GetFlagStatus)
    i.USART_Init                             0x080021a0   Section        0  stm32f4xx_usart.o(i.USART_Init)
    i.USART_SendData                         0x08002274   Section        0  stm32f4xx_usart.o(i.USART_SendData)
    i.UsageFault_Handler                     0x0800227c   Section        0  stm32f4xx_it.o(i.UsageFault_Handler)
    i.Usart2_Send_Char                       0x08002280   Section        0  usart2.o(i.Usart2_Send_Char)
    i.__ARM_fpclassify                       0x080022a0   Section        0  fpclassify.o(i.__ARM_fpclassify)
    i._is_digit                              0x080022d0   Section        0  __printf_wp.o(i._is_digit)
    i.delay_ms                               0x080022de   Section        0  delay.o(i.delay_ms)
    i.delay_us                               0x080022f8   Section        0  delay.o(i.delay_us)
    i.fputc                                  0x08002318   Section        0  usart2.o(i.fputc)
    i.main                                   0x08002328   Section        0  main.o(i.main)
    locale$$code                             0x080023f4   Section       44  lc_numeric_c.o(locale$$code)
    x$fpl$dadd                               0x08002420   Section      336  daddsub_clz.o(x$fpl$dadd)
    $v0                                      0x08002420   Number         0  daddsub_clz.o(x$fpl$dadd)
    _dadd1                                   0x08002431   Thumb Code     0  daddsub_clz.o(x$fpl$dadd)
    x$fpl$ddiv                               0x08002570   Section      688  ddiv.o(x$fpl$ddiv)
    $v0                                      0x08002570   Number         0  ddiv.o(x$fpl$ddiv)
    ddiv_entry                               0x08002577   Thumb Code     0  ddiv.o(x$fpl$ddiv)
    x$fpl$dflt                               0x08002820   Section       46  dflt_clz.o(x$fpl$dflt)
    $v0                                      0x08002820   Number         0  dflt_clz.o(x$fpl$dflt)
    x$fpl$dnaninf                            0x0800284e   Section      156  dnaninf.o(x$fpl$dnaninf)
    $v0                                      0x0800284e   Number         0  dnaninf.o(x$fpl$dnaninf)
    x$fpl$dretinf                            0x080028ea   Section       12  dretinf.o(x$fpl$dretinf)
    $v0                                      0x080028ea   Number         0  dretinf.o(x$fpl$dretinf)
    x$fpl$dsub                               0x080028f8   Section      468  daddsub_clz.o(x$fpl$dsub)
    $v0                                      0x080028f8   Number         0  daddsub_clz.o(x$fpl$dsub)
    _dsub1                                   0x08002909   Thumb Code     0  daddsub_clz.o(x$fpl$dsub)
    x$fpl$fpinit                             0x08002acc   Section       10  fpinit.o(x$fpl$fpinit)
    $v0                                      0x08002acc   Number         0  fpinit.o(x$fpl$fpinit)
    x$fpl$printf1                            0x08002ad6   Section        4  printf1.o(x$fpl$printf1)
    $v0                                      0x08002ad6   Number         0  printf1.o(x$fpl$printf1)
    .constdata                               0x08002ada   Section       40  _printf_hex_int.o(.constdata)
    x$fpl$usenofp                            0x08002ada   Section        0  usenofp.o(x$fpl$usenofp)
    uc_hextab                                0x08002ada   Data          20  _printf_hex_int.o(.constdata)
    lc_hextab                                0x08002aee   Data          20  _printf_hex_int.o(.constdata)
    .constdata                               0x08002b04   Section      148  bigflt0.o(.constdata)
    tenpwrs_x                                0x08002b04   Data          60  bigflt0.o(.constdata)
    tenpwrs_i                                0x08002b40   Data          64  bigflt0.o(.constdata)
    locale$$data                             0x08002bb8   Section       28  lc_numeric_c.o(locale$$data)
    __lcnum_c_name                           0x08002bbc   Data           2  lc_numeric_c.o(locale$$data)
    __lcnum_c_start                          0x08002bc4   Data           0  lc_numeric_c.o(locale$$data)
    __lcnum_c_point                          0x08002bd0   Data           0  lc_numeric_c.o(locale$$data)
    __lcnum_c_thousands                      0x08002bd2   Data           0  lc_numeric_c.o(locale$$data)
    __lcnum_c_grouping                       0x08002bd3   Data           0  lc_numeric_c.o(locale$$data)
    __lcnum_c_end                            0x08002bd4   Data           0  lc_numeric_c.o(locale$$data)
    .data                                    0x20000000   Section        4  usart2.o(.data)
    .data                                    0x20000004   Section       16  stm32f4xx_rcc.o(.data)
    APBAHBPrescTable                         0x20000004   Data          16  stm32f4xx_rcc.o(.data)
    .bss                                     0x20000014   Section       96  libspace.o(.bss)
    HEAP                                     0x20000078   Section      512  startup_stm32f446xx.o(HEAP)
    Heap_Mem                                 0x20000078   Data         512  startup_stm32f446xx.o(HEAP)
    STACK                                    0x20000278   Section     1024  startup_stm32f446xx.o(STACK)
    Stack_Mem                                0x20000278   Data        1024  startup_stm32f446xx.o(STACK)
    __initial_sp                             0x20000678   Data           0  startup_stm32f446xx.o(STACK)

    Global Symbols

    Symbol Name                              Value     Ov Type        Size  Object(Section)

    BuildAttributes$$THM_ISAv4$E$P$D$K$B$S$7EM$VFPi3$EXTD16$VFPS$VFMA$PE$A:L22UL41UL21$X:L11$S22US41US21$IEEE1$IW$USESV6$~STKCKD$USESV7$~SHL$OTIME$ROPI$IEEEJ$EBA8$UX$STANDARDLIB$REQ8$PRES8$EABIv2 0x00000000   Number         0  anon$$obj.o ABSOLUTE
    __ARM_use_no_argv                        0x00000000   Number         0  main.o ABSOLUTE
    _printf_flags                            0x00000000   Number         0  printf_stubs.o ABSOLUTE
    _printf_return_value                     0x00000000   Number         0  printf_stubs.o ABSOLUTE
    _printf_sizespec                         0x00000000   Number         0  printf_stubs.o ABSOLUTE
    _printf_widthprec                        0x00000000   Number         0  printf_stubs.o ABSOLUTE
    __ARM_exceptions_init                     - Undefined Weak Reference
    __alloca_initialize                       - Undefined Weak Reference
    __arm_fini_                               - Undefined Weak Reference
    __arm_preinit_                            - Undefined Weak Reference
    __cpp_initialize__aeabi_                  - Undefined Weak Reference
    __cxa_finalize                            - Undefined Weak Reference
    __sigvec_lookup                           - Undefined Weak Reference
    _atexit_init                              - Undefined Weak Reference
    _call_atexit_fns                          - Undefined Weak Reference
    _clock_init                               - Undefined Weak Reference
    _fp_trap_init                             - Undefined Weak Reference
    _fp_trap_shutdown                         - Undefined Weak Reference
    _get_lc_collate                           - Undefined Weak Reference
    _get_lc_ctype                             - Undefined Weak Reference
    _get_lc_monetary                          - Undefined Weak Reference
    _get_lc_time                              - Undefined Weak Reference
    _getenv_init                              - Undefined Weak Reference
    _handle_redirection                       - Undefined Weak Reference
    _init_alloc                               - Undefined Weak Reference
    _init_user_alloc                          - Undefined Weak Reference
    _initio                                   - Undefined Weak Reference
    _mutex_acquire                            - Undefined Weak Reference
    _mutex_release                            - Undefined Weak Reference
    _printf_mbtowc                            - Undefined Weak Reference
    _printf_post_padding                      - Undefined Weak Reference
    _printf_pre_padding                       - Undefined Weak Reference
    _printf_truncate_unsigned                 - Undefined Weak Reference
    _rand_init                                - Undefined Weak Reference
    _signal_finish                            - Undefined Weak Reference
    _signal_init                              - Undefined Weak Reference
    _terminate_alloc                          - Undefined Weak Reference
    _terminate_user_alloc                     - Undefined Weak Reference
    _terminateio                              - Undefined Weak Reference
    __Vectors_Size                           0x000001c4   Number         0  startup_stm32f446xx.o ABSOLUTE
    __Vectors                                0x08000000   Data           4  startup_stm32f446xx.o(RESET)
    __Vectors_End                            0x080001c4   Data           0  startup_stm32f446xx.o(RESET)
    __main                                   0x080001c5   Thumb Code     8  __main.o(!!!main)
    __scatterload                            0x080001cd   Thumb Code     0  __scatter.o(!!!scatter)
    __scatterload_rt2                        0x080001cd   Thumb Code    44  __scatter.o(!!!scatter)
    __scatterload_rt2_thumb_only             0x080001cd   Thumb Code     0  __scatter.o(!!!scatter)
    __scatterload_null                       0x080001db   Thumb Code     0  __scatter.o(!!!scatter)
    __scatterload_copy                       0x08000201   Thumb Code    26  __scatter_copy.o(!!handler_copy)
    __scatterload_zeroinit                   0x0800021d   Thumb Code    28  __scatter_zi.o(!!handler_zi)
    _printf_f                                0x08000239   Thumb Code     0  _printf_f.o(.ARM.Collect$$_printf_percent$$00000003)
    _printf_percent                          0x08000239   Thumb Code     0  _printf_percent.o(.ARM.Collect$$_printf_percent$$00000000)
    _printf_x                                0x0800023f   Thumb Code     0  _printf_x.o(.ARM.Collect$$_printf_percent$$0000000C)
    _printf_s                                0x08000245   Thumb Code     0  _printf_s.o(.ARM.Collect$$_printf_percent$$00000014)
    _printf_percent_end                      0x0800024b   Thumb Code     0  _printf_percent_end.o(.ARM.Collect$$_printf_percent$$00000017)
    __rt_lib_init                            0x0800024f   Thumb Code     0  libinit.o(.ARM.Collect$$libinit$$00000000)
    __rt_lib_init_fp_1                       0x08000251   Thumb Code     0  libinit2.o(.ARM.Collect$$libinit$$00000001)
    __rt_lib_init_heap_1                     0x08000255   Thumb Code     0  libinit2.o(.ARM.Collect$$libinit$$0000000A)
    __rt_lib_init_lc_common                  0x08000255   Thumb Code     0  libinit2.o(.ARM.Collect$$libinit$$0000000F)
    __rt_lib_init_preinit_1                  0x08000255   Thumb Code     0  libinit2.o(.ARM.Collect$$libinit$$00000004)
    __rt_lib_init_rand_1                     0x08000255   Thumb Code     0  libinit2.o(.ARM.Collect$$libinit$$0000000E)
    __rt_lib_init_user_alloc_1               0x08000255   Thumb Code     0  libinit2.o(.ARM.Collect$$libinit$$0000000C)
    __rt_lib_init_lc_collate_1               0x0800025b   Thumb Code     0  libinit2.o(.ARM.Collect$$libinit$$00000011)
    __rt_lib_init_lc_ctype_1                 0x0800025b   Thumb Code     0  libinit2.o(.ARM.Collect$$libinit$$00000013)
    __rt_lib_init_lc_monetary_1              0x0800025b   Thumb Code     0  libinit2.o(.ARM.Collect$$libinit$$00000015)
    __rt_lib_init_lc_numeric_2               0x0800025b   Thumb Code     0  libinit2.o(.ARM.Collect$$libinit$$00000016)
    __rt_lib_init_alloca_1                   0x08000265   Thumb Code     0  libinit2.o(.ARM.Collect$$libinit$$0000002E)
    __rt_lib_init_argv_1                     0x08000265   Thumb Code     0  libinit2.o(.ARM.Collect$$libinit$$0000002C)
    __rt_lib_init_atexit_1                   0x08000265   Thumb Code     0  libinit2.o(.ARM.Collect$$libinit$$0000001B)
    __rt_lib_init_clock_1                    0x08000265   Thumb Code     0  libinit2.o(.ARM.Collect$$libinit$$00000021)
    __rt_lib_init_cpp_1                      0x08000265   Thumb Code     0  libinit2.o(.ARM.Collect$$libinit$$00000032)
    __rt_lib_init_exceptions_1               0x08000265   Thumb Code     0  libinit2.o(.ARM.Collect$$libinit$$00000030)
    __rt_lib_init_fp_trap_1                  0x08000265   Thumb Code     0  libinit2.o(.ARM.Collect$$libinit$$0000001F)
    __rt_lib_init_getenv_1                   0x08000265   Thumb Code     0  libinit2.o(.ARM.Collect$$libinit$$00000023)
    __rt_lib_init_lc_numeric_1               0x08000265   Thumb Code     0  libinit2.o(.ARM.Collect$$libinit$$00000017)
    __rt_lib_init_lc_time_1                  0x08000265   Thumb Code     0  libinit2.o(.ARM.Collect$$libinit$$00000019)
    __rt_lib_init_return                     0x08000265   Thumb Code     0  libinit2.o(.ARM.Collect$$libinit$$00000033)
    __rt_lib_init_signal_1                   0x08000265   Thumb Code     0  libinit2.o(.ARM.Collect$$libinit$$0000001D)
    __rt_lib_init_stdio_1                    0x08000265   Thumb Code     0  libinit2.o(.ARM.Collect$$libinit$$00000025)
    __rt_lib_shutdown                        0x08000267   Thumb Code     0  libshutdown.o(.ARM.Collect$$libshutdown$$00000000)
    __rt_lib_shutdown_cpp_1                  0x08000269   Thumb Code     0  libshutdown2.o(.ARM.Collect$$libshutdown$$00000004)
    __rt_lib_shutdown_fini_1                 0x08000269   Thumb Code     0  libshutdown2.o(.ARM.Collect$$libshutdown$$00000002)
    __rt_lib_shutdown_fp_trap_1              0x08000269   Thumb Code     0  libshutdown2.o(.ARM.Collect$$libshutdown$$00000009)
    __rt_lib_shutdown_heap_1                 0x08000269   Thumb Code     0  libshutdown2.o(.ARM.Collect$$libshutdown$$00000011)
    __rt_lib_shutdown_return                 0x08000269   Thumb Code     0  libshutdown2.o(.ARM.Collect$$libshutdown$$00000012)
    __rt_lib_shutdown_signal_1               0x08000269   Thumb Code     0  libshutdown2.o(.ARM.Collect$$libshutdown$$0000000C)
    __rt_lib_shutdown_stdio_1                0x08000269   Thumb Code     0  libshutdown2.o(.ARM.Collect$$libshutdown$$00000006)
    __rt_lib_shutdown_user_alloc_1           0x08000269   Thumb Code     0  libshutdown2.o(.ARM.Collect$$libshutdown$$0000000E)
    __rt_entry                               0x0800026b   Thumb Code     0  __rtentry.o(.ARM.Collect$$rtentry$$00000000)
    __rt_entry_presh_1                       0x0800026b   Thumb Code     0  __rtentry2.o(.ARM.Collect$$rtentry$$00000002)
    __rt_entry_sh                            0x0800026b   Thumb Code     0  __rtentry4.o(.ARM.Collect$$rtentry$$00000004)
    __rt_entry_li                            0x08000271   Thumb Code     0  __rtentry2.o(.ARM.Collect$$rtentry$$0000000A)
    __rt_entry_postsh_1                      0x08000271   Thumb Code     0  __rtentry2.o(.ARM.Collect$$rtentry$$00000009)
    __rt_entry_main                          0x08000275   Thumb Code     0  __rtentry2.o(.ARM.Collect$$rtentry$$0000000D)
    __rt_entry_postli_1                      0x08000275   Thumb Code     0  __rtentry2.o(.ARM.Collect$$rtentry$$0000000C)
    __rt_exit                                0x0800027d   Thumb Code     0  rtexit.o(.ARM.Collect$$rtexit$$00000000)
    __rt_exit_ls                             0x0800027f   Thumb Code     0  rtexit2.o(.ARM.Collect$$rtexit$$00000003)
    __rt_exit_prels_1                        0x0800027f   Thumb Code     0  rtexit2.o(.ARM.Collect$$rtexit$$00000002)
    __rt_exit_exit                           0x08000283   Thumb Code     0  rtexit2.o(.ARM.Collect$$rtexit$$00000004)
    Reset_Handler                            0x08000289   Thumb Code     8  startup_stm32f446xx.o(.text)
    ADC_IRQHandler                           0x080002a3   Thumb Code     0  startup_stm32f446xx.o(.text)
    CAN1_RX0_IRQHandler                      0x080002a3   Thumb Code     0  startup_stm32f446xx.o(.text)
    CAN1_RX1_IRQHandler                      0x080002a3   Thumb Code     0  startup_stm32f446xx.o(.text)
    CAN1_SCE_IRQHandler                      0x080002a3   Thumb Code     0  startup_stm32f446xx.o(.text)
    CAN1_TX_IRQHandler                       0x080002a3   Thumb Code     0  startup_stm32f446xx.o(.text)
    CAN2_RX0_IRQHandler                      0x080002a3   Thumb Code     0  startup_stm32f446xx.o(.text)
    CAN2_RX1_IRQHandler                      0x080002a3   Thumb Code     0  startup_stm32f446xx.o(.text)
    CAN2_SCE_IRQHandler                      0x080002a3   Thumb Code     0  startup_stm32f446xx.o(.text)
    CAN2_TX_IRQHandler                       0x080002a3   Thumb Code     0  startup_stm32f446xx.o(.text)
    CEC_IRQHandler                           0x080002a3   Thumb Code     0  startup_stm32f446xx.o(.text)
    DCMI_IRQHandler                          0x080002a3   Thumb Code     0  startup_stm32f446xx.o(.text)
    DMA1_Stream0_IRQHandler                  0x080002a3   Thumb Code     0  startup_stm32f446xx.o(.text)
    DMA1_Stream1_IRQHandler                  0x080002a3   Thumb Code     0  startup_stm32f446xx.o(.text)
    DMA1_Stream2_IRQHandler                  0x080002a3   Thumb Code     0  startup_stm32f446xx.o(.text)
    DMA1_Stream3_IRQHandler                  0x080002a3   Thumb Code     0  startup_stm32f446xx.o(.text)
    DMA1_Stream4_IRQHandler                  0x080002a3   Thumb Code     0  startup_stm32f446xx.o(.text)
    DMA1_Stream5_IRQHandler                  0x080002a3   Thumb Code     0  startup_stm32f446xx.o(.text)
    DMA1_Stream6_IRQHandler                  0x080002a3   Thumb Code     0  startup_stm32f446xx.o(.text)
    DMA1_Stream7_IRQHandler                  0x080002a3   Thumb Code     0  startup_stm32f446xx.o(.text)
    DMA2_Stream0_IRQHandler                  0x080002a3   Thumb Code     0  startup_stm32f446xx.o(.text)
    DMA2_Stream1_IRQHandler                  0x080002a3   Thumb Code     0  startup_stm32f446xx.o(.text)
    DMA2_Stream2_IRQHandler                  0x080002a3   Thumb Code     0  startup_stm32f446xx.o(.text)
    DMA2_Stream3_IRQHandler                  0x080002a3   Thumb Code     0  startup_stm32f446xx.o(.text)
    DMA2_Stream4_IRQHandler                  0x080002a3   Thumb Code     0  startup_stm32f446xx.o(.text)
    DMA2_Stream5_IRQHandler                  0x080002a3   Thumb Code     0  startup_stm32f446xx.o(.text)
    DMA2_Stream6_IRQHandler                  0x080002a3   Thumb Code     0  startup_stm32f446xx.o(.text)
    DMA2_Stream7_IRQHandler                  0x080002a3   Thumb Code     0  startup_stm32f446xx.o(.text)
    EXTI0_IRQHandler                         0x080002a3   Thumb Code     0  startup_stm32f446xx.o(.text)
    EXTI15_10_IRQHandler                     0x080002a3   Thumb Code     0  startup_stm32f446xx.o(.text)
    EXTI1_IRQHandler                         0x080002a3   Thumb Code     0  startup_stm32f446xx.o(.text)
    EXTI2_IRQHandler                         0x080002a3   Thumb Code     0  startup_stm32f446xx.o(.text)
    EXTI3_IRQHandler                         0x080002a3   Thumb Code     0  startup_stm32f446xx.o(.text)
    EXTI4_IRQHandler                         0x080002a3   Thumb Code     0  startup_stm32f446xx.o(.text)
    EXTI9_5_IRQHandler                       0x080002a3   Thumb Code     0  startup_stm32f446xx.o(.text)
    FLASH_IRQHandler                         0x080002a3   Thumb Code     0  startup_stm32f446xx.o(.text)
    FMC_IRQHandler                           0x080002a3   Thumb Code     0  startup_stm32f446xx.o(.text)
    FMPI2C1_Error_IRQHandler                 0x080002a3   Thumb Code     0  startup_stm32f446xx.o(.text)
    FMPI2C1_Event_IRQHandler                 0x080002a3   Thumb Code     0  startup_stm32f446xx.o(.text)
    FPU_IRQHandler                           0x080002a3   Thumb Code     0  startup_stm32f446xx.o(.text)
    I2C1_ER_IRQHandler                       0x080002a3   Thumb Code     0  startup_stm32f446xx.o(.text)
    I2C1_EV_IRQHandler                       0x080002a3   Thumb Code     0  startup_stm32f446xx.o(.text)
    I2C2_ER_IRQHandler                       0x080002a3   Thumb Code     0  startup_stm32f446xx.o(.text)
    I2C2_EV_IRQHandler                       0x080002a3   Thumb Code     0  startup_stm32f446xx.o(.text)
    I2C3_ER_IRQHandler                       0x080002a3   Thumb Code     0  startup_stm32f446xx.o(.text)
    I2C3_EV_IRQHandler                       0x080002a3   Thumb Code     0  startup_stm32f446xx.o(.text)
    OTG_FS_IRQHandler                        0x080002a3   Thumb Code     0  startup_stm32f446xx.o(.text)
    OTG_FS_WKUP_IRQHandler                   0x080002a3   Thumb Code     0  startup_stm32f446xx.o(.text)
    OTG_HS_EP1_IN_IRQHandler                 0x080002a3   Thumb Code     0  startup_stm32f446xx.o(.text)
    OTG_HS_EP1_OUT_IRQHandler                0x080002a3   Thumb Code     0  startup_stm32f446xx.o(.text)
    OTG_HS_IRQHandler                        0x080002a3   Thumb Code     0  startup_stm32f446xx.o(.text)
    OTG_HS_WKUP_IRQHandler                   0x080002a3   Thumb Code     0  startup_stm32f446xx.o(.text)
    PVD_IRQHandler                           0x080002a3   Thumb Code     0  startup_stm32f446xx.o(.text)
    QuadSPI_IRQHandler                       0x080002a3   Thumb Code     0  startup_stm32f446xx.o(.text)
    RCC_IRQHandler                           0x080002a3   Thumb Code     0  startup_stm32f446xx.o(.text)
    RTC_Alarm_IRQHandler                     0x080002a3   Thumb Code     0  startup_stm32f446xx.o(.text)
    RTC_WKUP_IRQHandler                      0x080002a3   Thumb Code     0  startup_stm32f446xx.o(.text)
    SAI1_IRQHandler                          0x080002a3   Thumb Code     0  startup_stm32f446xx.o(.text)
    SAI2_IRQHandler                          0x080002a3   Thumb Code     0  startup_stm32f446xx.o(.text)
    SDIO_IRQHandler                          0x080002a3   Thumb Code     0  startup_stm32f446xx.o(.text)
    SPDIF_RX_IRQHandler                      0x080002a3   Thumb Code     0  startup_stm32f446xx.o(.text)
    SPI1_IRQHandler                          0x080002a3   Thumb Code     0  startup_stm32f446xx.o(.text)
    SPI2_IRQHandler                          0x080002a3   Thumb Code     0  startup_stm32f446xx.o(.text)
    SPI3_IRQHandler                          0x080002a3   Thumb Code     0  startup_stm32f446xx.o(.text)
    SPI4_IRQHandler                          0x080002a3   Thumb Code     0  startup_stm32f446xx.o(.text)
    TAMP_STAMP_IRQHandler                    0x080002a3   Thumb Code     0  startup_stm32f446xx.o(.text)
    TIM1_BRK_TIM9_IRQHandler                 0x080002a3   Thumb Code     0  startup_stm32f446xx.o(.text)
    TIM1_CC_IRQHandler                       0x080002a3   Thumb Code     0  startup_stm32f446xx.o(.text)
    TIM1_TRG_COM_TIM11_IRQHandler            0x080002a3   Thumb Code     0  startup_stm32f446xx.o(.text)
    TIM1_UP_TIM10_IRQHandler                 0x080002a3   Thumb Code     0  startup_stm32f446xx.o(.text)
    TIM2_IRQHandler                          0x080002a3   Thumb Code     0  startup_stm32f446xx.o(.text)
    TIM3_IRQHandler                          0x080002a3   Thumb Code     0  startup_stm32f446xx.o(.text)
    TIM4_IRQHandler                          0x080002a3   Thumb Code     0  startup_stm32f446xx.o(.text)
    TIM5_IRQHandler                          0x080002a3   Thumb Code     0  startup_stm32f446xx.o(.text)
    TIM6_DAC_IRQHandler                      0x080002a3   Thumb Code     0  startup_stm32f446xx.o(.text)
    TIM7_IRQHandler                          0x080002a3   Thumb Code     0  startup_stm32f446xx.o(.text)
    TIM8_BRK_TIM12_IRQHandler                0x080002a3   Thumb Code     0  startup_stm32f446xx.o(.text)
    TIM8_CC_IRQHandler                       0x080002a3   Thumb Code     0  startup_stm32f446xx.o(.text)
    TIM8_TRG_COM_TIM14_IRQHandler            0x080002a3   Thumb Code     0  startup_stm32f446xx.o(.text)
    TIM8_UP_TIM13_IRQHandler                 0x080002a3   Thumb Code     0  startup_stm32f446xx.o(.text)
    UART4_IRQHandler                         0x080002a3   Thumb Code     0  startup_stm32f446xx.o(.text)
    UART5_IRQHandler                         0x080002a3   Thumb Code     0  startup_stm32f446xx.o(.text)
    USART1_IRQHandler                        0x080002a3   Thumb Code     0  startup_stm32f446xx.o(.text)
    USART2_IRQHandler                        0x080002a3   Thumb Code     0  startup_stm32f446xx.o(.text)
    USART3_IRQHandler                        0x080002a3   Thumb Code     0  startup_stm32f446xx.o(.text)
    USART6_IRQHandler                        0x080002a3   Thumb Code     0  startup_stm32f446xx.o(.text)
    WWDG_IRQHandler                          0x080002a3   Thumb Code     0  startup_stm32f446xx.o(.text)
    __user_initial_stackheap                 0x080002a5   Thumb Code     0  startup_stm32f446xx.o(.text)
    __2printf                                0x080002c9   Thumb Code    20  noretval__2printf.o(.text)
    _printf_str                              0x080002e1   Thumb Code    82  _printf_str.o(.text)
    _printf_int_hex                          0x08000335   Thumb Code    84  _printf_hex_int.o(.text)
    _printf_longlong_hex                     0x08000335   Thumb Code     0  _printf_hex_int.o(.text)
    __printf                                 0x0800038d   Thumb Code   270  __printf_wp.o(.text)
    __use_two_region_memory                  0x0800049b   Thumb Code     2  heapauxi.o(.text)
    __rt_heap_escrow$2region                 0x0800049d   Thumb Code     2  heapauxi.o(.text)
    __rt_heap_expand$2region                 0x0800049f   Thumb Code     2  heapauxi.o(.text)
    _printf_int_common                       0x080004a1   Thumb Code   178  _printf_intcommon.o(.text)
    __lib_sel_fp_printf                      0x08000553   Thumb Code     2  _printf_fp_dec.o(.text)
    _printf_fp_dec_real                      0x08000705   Thumb Code   620  _printf_fp_dec.o(.text)
    _printf_cs_common                        0x08000971   Thumb Code    20  _printf_char.o(.text)
    _printf_char                             0x08000985   Thumb Code    16  _printf_char.o(.text)
    _printf_string                           0x08000995   Thumb Code     8  _printf_char.o(.text)
    _printf_char_file                        0x0800099d   Thumb Code    32  _printf_char_file.o(.text)
    __rt_locale                              0x080009c1   Thumb Code     8  rt_locale_intlibspace.o(.text)
    _ll_udiv10                               0x080009c9   Thumb Code   138  lludiv10.o(.text)
    _printf_char_common                      0x08000a5f   Thumb Code    32  _printf_char_common.o(.text)
    _printf_fp_infnan                        0x08000a85   Thumb Code   112  _printf_fp_infnan.o(.text)
    _btod_etento                             0x08000b05   Thumb Code   224  bigflt0.o(.text)
    ferror                                   0x08000be9   Thumb Code     8  ferror.o(.text)
    __user_libspace                          0x08000bf1   Thumb Code     8  libspace.o(.text)
    __user_perproc_libspace                  0x08000bf1   Thumb Code     0  libspace.o(.text)
    __user_perthread_libspace                0x08000bf1   Thumb Code     0  libspace.o(.text)
    __user_setup_stackheap                   0x08000bf9   Thumb Code    74  sys_stackheap_outer.o(.text)
    exit                                     0x08000c43   Thumb Code    18  exit.o(.text)
    strcmp                                   0x08000c55   Thumb Code   128  strcmpv7m.o(.text)
    _sys_exit                                0x08000cd5   Thumb Code     8  sys_exit.o(.text)
    __I$use$semihosting                      0x08000ce1   Thumb Code     0  use_no_semi.o(.text)
    __use_no_semihosting_swi                 0x08000ce1   Thumb Code     2  use_no_semi.o(.text)
    __semihosting_library_function           0x08000ce3   Thumb Code     0  indicate_semi.o(.text)
    _btod_d2e                                0x08000ce3   Thumb Code    62  btod.o(CL$$btod_d2e)
    _d2e_denorm_low                          0x08000d21   Thumb Code    70  btod.o(CL$$btod_d2e_denorm_low)
    _d2e_norm_op1                            0x08000d67   Thumb Code    96  btod.o(CL$$btod_d2e_norm_op1)
    __btod_div_common                        0x08000dc7   Thumb Code   696  btod.o(CL$$btod_div_common)
    _e2e                                     0x080010ff   Thumb Code   220  btod.o(CL$$btod_e2e)
    _btod_ediv                               0x080011db   Thumb Code    42  btod.o(CL$$btod_ediv)
    _btod_emul                               0x08001205   Thumb Code    42  btod.o(CL$$btod_emul)
    __btod_mult_common                       0x0800122f   Thumb Code   580  btod.o(CL$$btod_mult_common)
    BusFault_Handler                         0x08001473   Thumb Code     4  stm32f4xx_it.o(i.BusFault_Handler)
    DebugMon_Handler                         0x08001477   Thumb Code     2  stm32f4xx_it.o(i.DebugMon_Handler)
    GPIO_Config                              0x08001479   Thumb Code    80  main.o(i.GPIO_Config)
    GPIO_Init                                0x080014cd   Thumb Code   144  stm32f4xx_gpio.o(i.GPIO_Init)
    GPIO_PinAFConfig                         0x0800155d   Thumb Code    70  stm32f4xx_gpio.o(i.GPIO_PinAFConfig)
    GPIO_WriteBit                            0x080015a3   Thumb Code    10  stm32f4xx_gpio.o(i.GPIO_WriteBit)
    HardFault_Handler                        0x080015ad   Thumb Code     4  stm32f4xx_it.o(i.HardFault_Handler)
    I2C_AcknowledgeConfig                    0x080015b1   Thumb Code    24  stm32f4xx_i2c.o(i.I2C_AcknowledgeConfig)
    I2C_CheckEvent                           0x080015c9   Thumb Code    42  stm32f4xx_i2c.o(i.I2C_CheckEvent)
    I2C_Check_Connected                      0x080015f5   Thumb Code    50  i2c.o(i.I2C_Check_Connected)
    I2C_Cmd                                  0x08001649   Thumb Code    24  stm32f4xx_i2c.o(i.I2C_Cmd)
    I2C_GenerateSTART                        0x08001661   Thumb Code    24  stm32f4xx_i2c.o(i.I2C_GenerateSTART)
    I2C_GenerateSTOP                         0x08001679   Thumb Code    24  stm32f4xx_i2c.o(i.I2C_GenerateSTOP)
    I2C_GetFlagStatus                        0x08001691   Thumb Code    58  stm32f4xx_i2c.o(i.I2C_GetFlagStatus)
    I2C_Init                                 0x080016cd   Thumb Code   218  stm32f4xx_i2c.o(i.I2C_Init)
    I2C_Initstruct                           0x080017b5   Thumb Code   144  i2c.o(i.I2C_Initstruct)
    I2C_Read                                 0x08001851   Thumb Code    68  i2c.o(i.I2C_Read)
    I2C_Read_Data                            0x080018a1   Thumb Code    52  i2c.o(i.I2C_Read_Data)
    I2C_ReceiveData                          0x080018d5   Thumb Code     8  stm32f4xx_i2c.o(i.I2C_ReceiveData)
    I2C_Send7bitAddress                      0x080018dd   Thumb Code    16  stm32f4xx_i2c.o(i.I2C_Send7bitAddress)
    I2C_SendData                             0x080018ed   Thumb Code     4  stm32f4xx_i2c.o(i.I2C_SendData)
    I2C_Send_ADD                             0x080018f1   Thumb Code    64  i2c.o(i.I2C_Send_ADD)
    I2C_Start                                0x0800193d   Thumb Code    34  i2c.o(i.I2C_Start)
    I2C_Stop                                 0x08001969   Thumb Code    26  i2c.o(i.I2C_Stop)
    I2C_Write                                0x0800198d   Thumb Code    42  i2c.o(i.I2C_Write)
    I2C_Write_Data                           0x080019c5   Thumb Code    50  i2c.o(i.I2C_Write_Data)
    MPU6050_Read_Accel                       0x080019f9   Thumb Code   222  i2c_mpu6050.o(i.MPU6050_Read_Accel)
    MPU6050_Read_GYRO                        0x08001ae1   Thumb Code   222  i2c_mpu6050.o(i.MPU6050_Read_GYRO)
    MPU6050_Temperature_sensor               0x08001bc9   Thumb Code    86  i2c_mpu6050.o(i.MPU6050_Temperature_sensor)
    MPU6050_init                             0x08001c31   Thumb Code    64  i2c_mpu6050.o(i.MPU6050_init)
    MemManage_Handler                        0x08001c71   Thumb Code     4  stm32f4xx_it.o(i.MemManage_Handler)
    NMI_Handler                              0x08001c75   Thumb Code     2  stm32f4xx_it.o(i.NMI_Handler)
    PendSV_Handler                           0x08001c77   Thumb Code     2  stm32f4xx_it.o(i.PendSV_Handler)
    RCC_AHB1PeriphClockCmd                   0x08001c79   Thumb Code    26  stm32f4xx_rcc.o(i.RCC_AHB1PeriphClockCmd)
    RCC_APB1PeriphClockCmd                   0x08001c99   Thumb Code    26  stm32f4xx_rcc.o(i.RCC_APB1PeriphClockCmd)
    RCC_GetClocksFreq                        0x08001cb9   Thumb Code   440  stm32f4xx_rcc.o(i.RCC_GetClocksFreq)
    SVC_Handler                              0x08001e81   Thumb Code     2  stm32f4xx_it.o(i.SVC_Handler)
    SysTick_Handler                          0x08001fa5   Thumb Code     2  stm32f4xx_it.o(i.SysTick_Handler)
    SystemInit                               0x08001fa9   Thumb Code    88  system_stm32f4xx.o(i.SystemInit)
    TIM_Cmd                                  0x08002011   Thumb Code    24  stm32f4xx_tim.o(i.TIM_Cmd)
    TIM_GetCounter                           0x08002029   Thumb Code     6  stm32f4xx_tim.o(i.TIM_GetCounter)
    TIM_SetCounter                           0x0800202f   Thumb Code     4  stm32f4xx_tim.o(i.TIM_SetCounter)
    TIM_TimeBaseInit                         0x08002035   Thumb Code   104  stm32f4xx_tim.o(i.TIM_TimeBaseInit)
    Timer6_Delay                             0x080020b9   Thumb Code    40  delay.o(i.Timer6_Delay)
    USART2_Initstruct                        0x080020e5   Thumb Code   128  usart2.o(i.USART2_Initstruct)
    USART_Cmd                                0x0800216d   Thumb Code    24  stm32f4xx_usart.o(i.USART_Cmd)
    USART_GetFlagStatus                      0x08002185   Thumb Code    26  stm32f4xx_usart.o(i.USART_GetFlagStatus)
    USART_Init                               0x080021a1   Thumb Code   204  stm32f4xx_usart.o(i.USART_Init)
    USART_SendData                           0x08002275   Thumb Code     8  stm32f4xx_usart.o(i.USART_SendData)
    UsageFault_Handler                       0x0800227d   Thumb Code     4  stm32f4xx_it.o(i.UsageFault_Handler)
    Usart2_Send_Char                         0x08002281   Thumb Code    28  usart2.o(i.Usart2_Send_Char)
    __ARM_fpclassify                         0x080022a1   Thumb Code    48  fpclassify.o(i.__ARM_fpclassify)
    _is_digit                                0x080022d1   Thumb Code    14  __printf_wp.o(i._is_digit)
    delay_ms                                 0x080022df   Thumb Code    24  delay.o(i.delay_ms)
    delay_us                                 0x080022f9   Thumb Code    26  delay.o(i.delay_us)
    fputc                                    0x08002319   Thumb Code    16  usart2.o(i.fputc)
    main                                     0x08002329   Thumb Code   132  main.o(i.main)
    _get_lc_numeric                          0x080023f5   Thumb Code    44  lc_numeric_c.o(locale$$code)
    __aeabi_dadd                             0x08002421   Thumb Code     0  daddsub_clz.o(x$fpl$dadd)
    _dadd                                    0x08002421   Thumb Code   332  daddsub_clz.o(x$fpl$dadd)
    __aeabi_ddiv                             0x08002571   Thumb Code     0  ddiv.o(x$fpl$ddiv)
    _ddiv                                    0x08002571   Thumb Code   552  ddiv.o(x$fpl$ddiv)
    __aeabi_i2d                              0x08002821   Thumb Code     0  dflt_clz.o(x$fpl$dflt)
    _dflt                                    0x08002821   Thumb Code    46  dflt_clz.o(x$fpl$dflt)
    __fpl_dnaninf                            0x0800284f   Thumb Code   156  dnaninf.o(x$fpl$dnaninf)
    __fpl_dretinf                            0x080028eb   Thumb Code    12  dretinf.o(x$fpl$dretinf)
    __aeabi_dsub                             0x080028f9   Thumb Code     0  daddsub_clz.o(x$fpl$dsub)
    _dsub                                    0x080028f9   Thumb Code   464  daddsub_clz.o(x$fpl$dsub)
    _fp_init                                 0x08002acd   Thumb Code    10  fpinit.o(x$fpl$fpinit)
    __fplib_config_fpu_vfp                   0x08002ad5   Thumb Code     0  fpinit.o(x$fpl$fpinit)
    __fplib_config_pureend_doubles           0x08002ad5   Thumb Code     0  fpinit.o(x$fpl$fpinit)
    _printf_fp_dec                           0x08002ad7   Thumb Code     4  printf1.o(x$fpl$printf1)
    __I$use$fp                               0x08002ada   Number         0  usenofp.o(x$fpl$usenofp)
    Region$$Table$$Base                      0x08002b98   Number         0  anon$$obj.o(Region$$Table)
    Region$$Table$$Limit                     0x08002bb8   Number         0  anon$$obj.o(Region$$Table)
    __stdout                                 0x20000000   Data           4  usart2.o(.data)
    __libspace_start                         0x20000014   Data          96  libspace.o(.bss)
    __temporary_stack_top$libspace           0x20000074   Data           0  libspace.o(.bss)



==============================================================================

Memory Map of the image

  Image Entry point : 0x08000289

  Load Region LR_1 (Base: 0x08000000, Size: 0x00002be8, Max: 0xffffffff, ABSOLUTE)

    Execution Region ER_RO (Exec base: 0x08000000, Load base: 0x08000000, Size: 0x00002bd4, Max: 0xffffffff, ABSOLUTE)

    Exec Addr    Load Addr    Size         Type   Attr      Idx    E Section Name        Object

    0x08000000   0x08000000   0x000001c4   Data   RO          764    RESET               startup_stm32f446xx.o
    0x080001c4   0x080001c4   0x00000008   Code   RO         2282  * !!!main             c_w.l(__main.o)
    0x080001cc   0x080001cc   0x00000034   Code   RO         2524    !!!scatter          c_w.l(__scatter.o)
    0x08000200   0x08000200   0x0000001a   Code   RO         2526    !!handler_copy      c_w.l(__scatter_copy.o)
    0x0800021a   0x0800021a   0x00000002   PAD
    0x0800021c   0x0800021c   0x0000001c   Code   RO         2528    !!handler_zi        c_w.l(__scatter_zi.o)
    0x08000238   0x08000238   0x00000000   Code   RO         2279    .ARM.Collect$$_printf_percent$$00000000  c_w.l(_printf_percent.o)
    0x08000238   0x08000238   0x00000006   Code   RO         2278    .ARM.Collect$$_printf_percent$$00000003  c_w.l(_printf_f.o)
    0x0800023e   0x0800023e   0x00000006   Code   RO         2277    .ARM.Collect$$_printf_percent$$0000000C  c_w.l(_printf_x.o)
    0x08000244   0x08000244   0x00000006   Code   RO         2276    .ARM.Collect$$_printf_percent$$00000014  c_w.l(_printf_s.o)
    0x0800024a   0x0800024a   0x00000004   Code   RO         2311    .ARM.Collect$$_printf_percent$$00000017  c_w.l(_printf_percent_end.o)
    0x0800024e   0x0800024e   0x00000002   Code   RO         2395    .ARM.Collect$$libinit$$00000000  c_w.l(libinit.o)
    0x08000250   0x08000250   0x00000004   Code   RO         2396    .ARM.Collect$$libinit$$00000001  c_w.l(libinit2.o)
    0x08000254   0x08000254   0x00000000   Code   RO         2399    .ARM.Collect$$libinit$$00000004  c_w.l(libinit2.o)
    0x08000254   0x08000254   0x00000000   Code   RO         2402    .ARM.Collect$$libinit$$0000000A  c_w.l(libinit2.o)
    0x08000254   0x08000254   0x00000000   Code   RO         2404    .ARM.Collect$$libinit$$0000000C  c_w.l(libinit2.o)
    0x08000254   0x08000254   0x00000000   Code   RO         2406    .ARM.Collect$$libinit$$0000000E  c_w.l(libinit2.o)
    0x08000254   0x08000254   0x00000006   Code   RO         2407    .ARM.Collect$$libinit$$0000000F  c_w.l(libinit2.o)
    0x0800025a   0x0800025a   0x00000000   Code   RO         2409    .ARM.Collect$$libinit$$00000011  c_w.l(libinit2.o)
    0x0800025a   0x0800025a   0x00000000   Code   RO         2411    .ARM.Collect$$libinit$$00000013  c_w.l(libinit2.o)
    0x0800025a   0x0800025a   0x00000000   Code   RO         2413    .ARM.Collect$$libinit$$00000015  c_w.l(libinit2.o)
    0x0800025a   0x0800025a   0x0000000a   Code   RO         2414    .ARM.Collect$$libinit$$00000016  c_w.l(libinit2.o)
    0x08000264   0x08000264   0x00000000   Code   RO         2415    .ARM.Collect$$libinit$$00000017  c_w.l(libinit2.o)
    0x08000264   0x08000264   0x00000000   Code   RO         2417    .ARM.Collect$$libinit$$00000019  c_w.l(libinit2.o)
    0x08000264   0x08000264   0x00000000   Code   RO         2419    .ARM.Collect$$libinit$$0000001B  c_w.l(libinit2.o)
    0x08000264   0x08000264   0x00000000   Code   RO         2421    .ARM.Collect$$libinit$$0000001D  c_w.l(libinit2.o)
    0x08000264   0x08000264   0x00000000   Code   RO         2423    .ARM.Collect$$libinit$$0000001F  c_w.l(libinit2.o)
    0x08000264   0x08000264   0x00000000   Code   RO         2425    .ARM.Collect$$libinit$$00000021  c_w.l(libinit2.o)
    0x08000264   0x08000264   0x00000000   Code   RO         2427    .ARM.Collect$$libinit$$00000023  c_w.l(libinit2.o)
    0x08000264   0x08000264   0x00000000   Code   RO         2429    .ARM.Collect$$libinit$$00000025  c_w.l(libinit2.o)
    0x08000264   0x08000264   0x00000000   Code   RO         2433    .ARM.Collect$$libinit$$0000002C  c_w.l(libinit2.o)
    0x08000264   0x08000264   0x00000000   Code   RO         2435    .ARM.Collect$$libinit$$0000002E  c_w.l(libinit2.o)
    0x08000264   0x08000264   0x00000000   Code   RO         2437    .ARM.Collect$$libinit$$00000030  c_w.l(libinit2.o)
    0x08000264   0x08000264   0x00000000   Code   RO         2439    .ARM.Collect$$libinit$$00000032  c_w.l(libinit2.o)
    0x08000264   0x08000264   0x00000002   Code   RO         2440    .ARM.Collect$$libinit$$00000033  c_w.l(libinit2.o)
    0x08000266   0x08000266   0x00000002   Code   RO         2470    .ARM.Collect$$libshutdown$$00000000  c_w.l(libshutdown.o)
    0x08000268   0x08000268   0x00000000   Code   RO         2481    .ARM.Collect$$libshutdown$$00000002  c_w.l(libshutdown2.o)
    0x08000268   0x08000268   0x00000000   Code   RO         2483    .ARM.Collect$$libshutdown$$00000004  c_w.l(libshutdown2.o)
    0x08000268   0x08000268   0x00000000   Code   RO         2485    .ARM.Collect$$libshutdown$$00000006  c_w.l(libshutdown2.o)
    0x08000268   0x08000268   0x00000000   Code   RO         2488    .ARM.Collect$$libshutdown$$00000009  c_w.l(libshutdown2.o)
    0x08000268   0x08000268   0x00000000   Code   RO         2491    .ARM.Collect$$libshutdown$$0000000C  c_w.l(libshutdown2.o)
    0x08000268   0x08000268   0x00000000   Code   RO         2493    .ARM.Collect$$libshutdown$$0000000E  c_w.l(libshutdown2.o)
    0x08000268   0x08000268   0x00000000   Code   RO         2496    .ARM.Collect$$libshutdown$$00000011  c_w.l(libshutdown2.o)
    0x08000268   0x08000268   0x00000002   Code   RO         2497    .ARM.Collect$$libshutdown$$00000012  c_w.l(libshutdown2.o)
    0x0800026a   0x0800026a   0x00000000   Code   RO         2302    .ARM.Collect$$rtentry$$00000000  c_w.l(__rtentry.o)
    0x0800026a   0x0800026a   0x00000000   Code   RO         2318    .ARM.Collect$$rtentry$$00000002  c_w.l(__rtentry2.o)
    0x0800026a   0x0800026a   0x00000006   Code   RO         2330    .ARM.Collect$$rtentry$$00000004  c_w.l(__rtentry4.o)
    0x08000270   0x08000270   0x00000000   Code   RO         2320    .ARM.Collect$$rtentry$$00000009  c_w.l(__rtentry2.o)
    0x08000270   0x08000270   0x00000004   Code   RO         2321    .ARM.Collect$$rtentry$$0000000A  c_w.l(__rtentry2.o)
    0x08000274   0x08000274   0x00000000   Code   RO         2323    .ARM.Collect$$rtentry$$0000000C  c_w.l(__rtentry2.o)
    0x08000274   0x08000274   0x00000008   Code   RO         2324    .ARM.Collect$$rtentry$$0000000D  c_w.l(__rtentry2.o)
    0x0800027c   0x0800027c   0x00000002   Code   RO         2441    .ARM.Collect$$rtexit$$00000000  c_w.l(rtexit.o)
    0x0800027e   0x0800027e   0x00000000   Code   RO         2448    .ARM.Collect$$rtexit$$00000002  c_w.l(rtexit2.o)
    0x0800027e   0x0800027e   0x00000004   Code   RO         2449    .ARM.Collect$$rtexit$$00000003  c_w.l(rtexit2.o)
    0x08000282   0x08000282   0x00000006   Code   RO         2450    .ARM.Collect$$rtexit$$00000004  c_w.l(rtexit2.o)
    0x08000288   0x08000288   0x00000040   Code   RO          765  * .text               startup_stm32f446xx.o
    0x080002c8   0x080002c8   0x00000018   Code   RO         2229    .text               c_w.l(noretval__2printf.o)
    0x080002e0   0x080002e0   0x00000052   Code   RO         2233    .text               c_w.l(_printf_str.o)
    0x08000332   0x08000332   0x00000002   PAD
    0x08000334   0x08000334   0x00000058   Code   RO         2238    .text               c_w.l(_printf_hex_int.o)
    0x0800038c   0x0800038c   0x0000010e   Code   RO         2264    .text               c_w.l(__printf_wp.o)
    0x0800049a   0x0800049a   0x00000006   Code   RO         2280    .text               c_w.l(heapauxi.o)
    0x080004a0   0x080004a0   0x000000b2   Code   RO         2303    .text               c_w.l(_printf_intcommon.o)
    0x08000552   0x08000552   0x0000041e   Code   RO         2305    .text               c_w.l(_printf_fp_dec.o)
    0x08000970   0x08000970   0x0000002c   Code   RO         2307    .text               c_w.l(_printf_char.o)
    0x0800099c   0x0800099c   0x00000024   Code   RO         2309    .text               c_w.l(_printf_char_file.o)
    0x080009c0   0x080009c0   0x00000008   Code   RO         2335    .text               c_w.l(rt_locale_intlibspace.o)
    0x080009c8   0x080009c8   0x0000008a   Code   RO         2337    .text               c_w.l(lludiv10.o)
    0x08000a52   0x08000a52   0x00000002   PAD
    0x08000a54   0x08000a54   0x00000030   Code   RO         2339    .text               c_w.l(_printf_char_common.o)
    0x08000a84   0x08000a84   0x00000080   Code   RO         2341    .text               c_w.l(_printf_fp_infnan.o)
    0x08000b04   0x08000b04   0x000000e4   Code   RO         2343    .text               c_w.l(bigflt0.o)
    0x08000be8   0x08000be8   0x00000008   Code   RO         2368    .text               c_w.l(ferror.o)
    0x08000bf0   0x08000bf0   0x00000008   Code   RO         2379    .text               c_w.l(libspace.o)
    0x08000bf8   0x08000bf8   0x0000004a   Code   RO         2382    .text               c_w.l(sys_stackheap_outer.o)
    0x08000c42   0x08000c42   0x00000012   Code   RO         2386    .text               c_w.l(exit.o)
    0x08000c54   0x08000c54   0x00000080   Code   RO         2388    .text               c_w.l(strcmpv7m.o)
    0x08000cd4   0x08000cd4   0x0000000c   Code   RO         2460    .text               c_w.l(sys_exit.o)
    0x08000ce0   0x08000ce0   0x00000002   Code   RO         2471    .text               c_w.l(use_no_semi.o)
    0x08000ce2   0x08000ce2   0x00000000   Code   RO         2473    .text               c_w.l(indicate_semi.o)
    0x08000ce2   0x08000ce2   0x0000003e   Code   RO         2346    CL$$btod_d2e        c_w.l(btod.o)
    0x08000d20   0x08000d20   0x00000046   Code   RO         2348    CL$$btod_d2e_denorm_low  c_w.l(btod.o)
    0x08000d66   0x08000d66   0x00000060   Code   RO         2347    CL$$btod_d2e_norm_op1  c_w.l(btod.o)
    0x08000dc6   0x08000dc6   0x00000338   Code   RO         2356    CL$$btod_div_common  c_w.l(btod.o)
    0x080010fe   0x080010fe   0x000000dc   Code   RO         2353    CL$$btod_e2e        c_w.l(btod.o)
    0x080011da   0x080011da   0x0000002a   Code   RO         2350    CL$$btod_ediv       c_w.l(btod.o)
    0x08001204   0x08001204   0x0000002a   Code   RO         2349    CL$$btod_emul       c_w.l(btod.o)
    0x0800122e   0x0800122e   0x00000244   Code   RO         2355    CL$$btod_mult_common  c_w.l(btod.o)
    0x08001472   0x08001472   0x00000004   Code   RO          187    i.BusFault_Handler  stm32f4xx_it.o
    0x08001476   0x08001476   0x00000002   Code   RO          188    i.DebugMon_Handler  stm32f4xx_it.o
    0x08001478   0x08001478   0x00000054   Code   RO            4    i.GPIO_Config       main.o
    0x080014cc   0x080014cc   0x00000090   Code   RO         1141    i.GPIO_Init         stm32f4xx_gpio.o
    0x0800155c   0x0800155c   0x00000046   Code   RO         1142    i.GPIO_PinAFConfig  stm32f4xx_gpio.o
    0x080015a2   0x080015a2   0x0000000a   Code   RO         1153    i.GPIO_WriteBit     stm32f4xx_gpio.o
    0x080015ac   0x080015ac   0x00000004   Code   RO          189    i.HardFault_Handler  stm32f4xx_it.o
    0x080015b0   0x080015b0   0x00000018   Code   RO         2001    i.I2C_AcknowledgeConfig  stm32f4xx_i2c.o
    0x080015c8   0x080015c8   0x0000002a   Code   RO         2004    i.I2C_CheckEvent    stm32f4xx_i2c.o
    0x080015f2   0x080015f2   0x00000002   PAD
    0x080015f4   0x080015f4   0x00000054   Code   RO          516    i.I2C_Check_Connected  i2c.o
    0x08001648   0x08001648   0x00000018   Code   RO         2007    i.I2C_Cmd           stm32f4xx_i2c.o
    0x08001660   0x08001660   0x00000018   Code   RO         2015    i.I2C_GenerateSTART  stm32f4xx_i2c.o
    0x08001678   0x08001678   0x00000018   Code   RO         2016    i.I2C_GenerateSTOP  stm32f4xx_i2c.o
    0x08001690   0x08001690   0x0000003a   Code   RO         2017    i.I2C_GetFlagStatus  stm32f4xx_i2c.o
    0x080016ca   0x080016ca   0x00000002   PAD
    0x080016cc   0x080016cc   0x000000e8   Code   RO         2022    i.I2C_Init          stm32f4xx_i2c.o
    0x080017b4   0x080017b4   0x0000009c   Code   RO          517    i.I2C_Initstruct    i2c.o
    0x08001850   0x08001850   0x00000050   Code   RO          518    i.I2C_Read          i2c.o
    0x080018a0   0x080018a0   0x00000034   Code   RO          520    i.I2C_Read_Data     i2c.o
    0x080018d4   0x080018d4   0x00000008   Code   RO         2027    i.I2C_ReceiveData   stm32f4xx_i2c.o
    0x080018dc   0x080018dc   0x00000010   Code   RO         2029    i.I2C_Send7bitAddress  stm32f4xx_i2c.o
    0x080018ec   0x080018ec   0x00000004   Code   RO         2030    i.I2C_SendData      stm32f4xx_i2c.o
    0x080018f0   0x080018f0   0x0000004c   Code   RO          524    i.I2C_Send_ADD      i2c.o
    0x0800193c   0x0800193c   0x0000002c   Code   RO          525    i.I2C_Start         i2c.o
    0x08001968   0x08001968   0x00000024   Code   RO          526    i.I2C_Stop          i2c.o
    0x0800198c   0x0800198c   0x00000038   Code   RO          527    i.I2C_Write         i2c.o
    0x080019c4   0x080019c4   0x00000032   Code   RO          528    i.I2C_Write_Data    i2c.o
    0x080019f6   0x080019f6   0x00000002   PAD
    0x080019f8   0x080019f8   0x000000e8   Code   RO          720    i.MPU6050_Read_Accel  i2c_mpu6050.o
    0x08001ae0   0x08001ae0   0x000000e8   Code   RO          721    i.MPU6050_Read_GYRO  i2c_mpu6050.o
    0x08001bc8   0x08001bc8   0x00000068   Code   RO          722    i.MPU6050_Temperature_sensor  i2c_mpu6050.o
    0x08001c30   0x08001c30   0x00000040   Code   RO          723    i.MPU6050_init      i2c_mpu6050.o
    0x08001c70   0x08001c70   0x00000004   Code   RO          190    i.MemManage_Handler  stm32f4xx_it.o
    0x08001c74   0x08001c74   0x00000002   Code   RO          191    i.NMI_Handler       stm32f4xx_it.o
    0x08001c76   0x08001c76   0x00000002   Code   RO          192    i.PendSV_Handler    stm32f4xx_it.o
    0x08001c78   0x08001c78   0x00000020   Code   RO          774    i.RCC_AHB1PeriphClockCmd  stm32f4xx_rcc.o
    0x08001c98   0x08001c98   0x00000020   Code   RO          783    i.RCC_APB1PeriphClockCmd  stm32f4xx_rcc.o
    0x08001cb8   0x08001cb8   0x000001c8   Code   RO          797    i.RCC_GetClocksFreq  stm32f4xx_rcc.o
    0x08001e80   0x08001e80   0x00000002   Code   RO          193    i.SVC_Handler       stm32f4xx_it.o
    0x08001e82   0x08001e82   0x00000002   PAD
    0x08001e84   0x08001e84   0x00000120   Code   RO          384    i.SetSysClock       system_stm32f4xx.o
    0x08001fa4   0x08001fa4   0x00000002   Code   RO          194    i.SysTick_Handler   stm32f4xx_it.o
    0x08001fa6   0x08001fa6   0x00000002   PAD
    0x08001fa8   0x08001fa8   0x00000068   Code   RO          386    i.SystemInit        system_stm32f4xx.o
    0x08002010   0x08002010   0x00000018   Code   RO         1258    i.TIM_Cmd           stm32f4xx_tim.o
    0x08002028   0x08002028   0x00000006   Code   RO         1277    i.TIM_GetCounter    stm32f4xx_tim.o
    0x0800202e   0x0800202e   0x00000004   Code   RO         1324    i.TIM_SetCounter    stm32f4xx_tim.o
    0x08002032   0x08002032   0x00000002   PAD
    0x08002034   0x08002034   0x00000084   Code   RO         1330    i.TIM_TimeBaseInit  stm32f4xx_tim.o
    0x080020b8   0x080020b8   0x0000002c   Code   RO          425    i.Timer6_Delay      delay.o
    0x080020e4   0x080020e4   0x00000088   Code   RO          464    i.USART2_Initstruct  usart2.o
    0x0800216c   0x0800216c   0x00000018   Code   RO         1812    i.USART_Cmd         stm32f4xx_usart.o
    0x08002184   0x08002184   0x0000001a   Code   RO         1815    i.USART_GetFlagStatus  stm32f4xx_usart.o
    0x0800219e   0x0800219e   0x00000002   PAD
    0x080021a0   0x080021a0   0x000000d4   Code   RO         1819    i.USART_Init        stm32f4xx_usart.o
    0x08002274   0x08002274   0x00000008   Code   RO         1829    i.USART_SendData    stm32f4xx_usart.o
    0x0800227c   0x0800227c   0x00000004   Code   RO          195    i.UsageFault_Handler  stm32f4xx_it.o
    0x08002280   0x08002280   0x00000020   Code   RO          465    i.Usart2_Send_Char  usart2.o
    0x080022a0   0x080022a0   0x00000030   Code   RO         2377    i.__ARM_fpclassify  m_wm.l(fpclassify.o)
    0x080022d0   0x080022d0   0x0000000e   Code   RO         2266    i._is_digit         c_w.l(__printf_wp.o)
    0x080022de   0x080022de   0x00000018   Code   RO          426    i.delay_ms          delay.o
    0x080022f6   0x080022f6   0x00000002   PAD
    0x080022f8   0x080022f8   0x00000020   Code   RO          427    i.delay_us          delay.o
    0x08002318   0x08002318   0x00000010   Code   RO          467    i.fputc             usart2.o
    0x08002328   0x08002328   0x000000cc   Code   RO            5    i.main              main.o
    0x080023f4   0x080023f4   0x0000002c   Code   RO         2373    locale$$code        c_w.l(lc_numeric_c.o)
    0x08002420   0x08002420   0x00000150   Code   RO         2284    x$fpl$dadd          fz_wm.l(daddsub_clz.o)
    0x08002570   0x08002570   0x000002b0   Code   RO         2291    x$fpl$ddiv          fz_wm.l(ddiv.o)
    0x08002820   0x08002820   0x0000002e   Code   RO         2295    x$fpl$dflt          fz_wm.l(dflt_clz.o)
    0x0800284e   0x0800284e   0x0000009c   Code   RO         2312    x$fpl$dnaninf       fz_wm.l(dnaninf.o)
    0x080028ea   0x080028ea   0x0000000c   Code   RO         2314    x$fpl$dretinf       fz_wm.l(dretinf.o)
    0x080028f6   0x080028f6   0x00000002   PAD
    0x080028f8   0x080028f8   0x000001d4   Code   RO         2286    x$fpl$dsub          fz_wm.l(daddsub_clz.o)
    0x08002acc   0x08002acc   0x0000000a   Code   RO         2445    x$fpl$fpinit        fz_wm.l(fpinit.o)
    0x08002ad6   0x08002ad6   0x00000004   Code   RO         2300    x$fpl$printf1       fz_wm.l(printf1.o)
    0x08002ada   0x08002ada   0x00000000   Code   RO         2316    x$fpl$usenofp       fz_wm.l(usenofp.o)
    0x08002ada   0x08002ada   0x00000028   Data   RO         2239    .constdata          c_w.l(_printf_hex_int.o)
    0x08002b02   0x08002b02   0x00000002   PAD
    0x08002b04   0x08002b04   0x00000094   Data   RO         2344    .constdata          c_w.l(bigflt0.o)
    0x08002b98   0x08002b98   0x00000020   Data   RO         2522    Region$$Table       anon$$obj.o
    0x08002bb8   0x08002bb8   0x0000001c   Data   RO         2372    locale$$data        c_w.l(lc_numeric_c.o)


    Execution Region ER_RW (Exec base: 0x20000000, Load base: 0x08002bd4, Size: 0x00000014, Max: 0xffffffff, ABSOLUTE)

    Exec Addr    Load Addr    Size         Type   Attr      Idx    E Section Name        Object

    0x20000000   0x08002bd4   0x00000004   Data   RW          468    .data               usart2.o
    0x20000004   0x08002bd8   0x00000010   Data   RW          830    .data               stm32f4xx_rcc.o


    Execution Region ER_ZI (Exec base: 0x20000014, Load base: 0x08002be8, Size: 0x00000664, Max: 0xffffffff, ABSOLUTE)

    Exec Addr    Load Addr    Size         Type   Attr      Idx    E Section Name        Object

    0x20000014        -       0x00000060   Zero   RW         2380    .bss                c_w.l(libspace.o)
    0x20000074   0x08002be8   0x00000004   PAD
    0x20000078        -       0x00000200   Zero   RW          763    HEAP                startup_stm32f446xx.o
    0x20000278        -       0x00000400   Zero   RW          762    STACK               startup_stm32f446xx.o


==============================================================================

Image component sizes


      Code (inc. data)   RO Data    RW Data    ZI Data      Debug   Object Name

       100         10          0          0          0       1545   delay.o
       634        104          0          0          0       4961   i2c.o
       632         38          0          0          0       2729   i2c_mpu6050.o
       288         76          0          0          0     279673   main.o
        64         26        452          0       1536        908   startup_stm32f446xx.o
       224          0          0          0          0       2483   stm32f4xx_gpio.o
       456         14          0          0          0       6976   stm32f4xx_i2c.o
        26          0          0          0          0     321870   stm32f4xx_it.o
       520         28          0         16          0       4234   stm32f4xx_rcc.o
       166         28          0          0          0       3059   stm32f4xx_tim.o
       270          8          0          0          0       3404   stm32f4xx_usart.o
       392         32          0          0          0       1485   system_stm32f4xx.o
       184         12          0          4          0       3381   usart2.o

    ----------------------------------------------------------------------
      3972        376        484         20       1536     636708   Object Totals
         0          0         32          0          0          0   (incl. Generated)
        16          0          0          0          0          0   (incl. Padding)

    ----------------------------------------------------------------------

      Code (inc. data)   RO Data    RW Data    ZI Data      Debug   Library Member Name

         8          0          0          0          0         68   __main.o
       284          0          0          0          0        156   __printf_wp.o
         0          0          0          0          0          0   __rtentry.o
        12          0          0          0          0          0   __rtentry2.o
         6          0          0          0          0          0   __rtentry4.o
        52          8          0          0          0          0   __scatter.o
        26          0          0          0          0          0   __scatter_copy.o
        28          0          0          0          0          0   __scatter_zi.o
        44          0          0          0          0        108   _printf_char.o
        48          6          0          0          0         96   _printf_char_common.o
        36          4          0          0          0         80   _printf_char_file.o
         6          0          0          0          0          0   _printf_f.o
      1054          0          0          0          0        216   _printf_fp_dec.o
       128         16          0          0          0         84   _printf_fp_infnan.o
        88          4         40          0          0         88   _printf_hex_int.o
       178          0          0          0          0         88   _printf_intcommon.o
         0          0          0          0          0          0   _printf_percent.o
         4          0          0          0          0          0   _printf_percent_end.o
         6          0          0          0          0          0   _printf_s.o
        82          0          0          0          0         80   _printf_str.o
         6          0          0          0          0          0   _printf_x.o
       228          4        148          0          0         96   bigflt0.o
      1936        128          0          0          0        672   btod.o
        18          0          0          0          0         80   exit.o
         8          0          0          0          0         68   ferror.o
         6          0          0          0          0        152   heapauxi.o
         0          0          0          0          0          0   indicate_semi.o
        44         10         28          0          0         76   lc_numeric_c.o
         2          0          0          0          0          0   libinit.o
        22          0          0          0          0          0   libinit2.o
         2          0          0          0          0          0   libshutdown.o
         2          0          0          0          0          0   libshutdown2.o
         8          4          0          0         96         68   libspace.o
       138          0          0          0          0         80   lludiv10.o
        24          4          0          0          0         84   noretval__2printf.o
         8          4          0          0          0         68   rt_locale_intlibspace.o
         2          0          0          0          0          0   rtexit.o
        10          0          0          0          0          0   rtexit2.o
       128          0          0          0          0         68   strcmpv7m.o
        12          4          0          0          0         68   sys_exit.o
        74          0          0          0          0         80   sys_stackheap_outer.o
         2          0          0          0          0         68   use_no_semi.o
       804         16          0          0          0        368   daddsub_clz.o
       688        140          0          0          0        256   ddiv.o
        46          0          0          0          0        116   dflt_clz.o
       156          4          0          0          0        140   dnaninf.o
        12          0          0          0          0        116   dretinf.o
        10          0          0          0          0        116   fpinit.o
         4          0          0          0          0        116   printf1.o
         0          0          0          0          0          0   usenofp.o
        48          0          0          0          0        124   fpclassify.o

    ----------------------------------------------------------------------
      6546        356        218          0        100       4144   Library Totals
         8          0          2          0          4          0   (incl. Padding)

    ----------------------------------------------------------------------

      Code (inc. data)   RO Data    RW Data    ZI Data      Debug   Library Name

      4770        196        216          0         96       2792   c_w.l
      1720        160          0          0          0       1228   fz_wm.l
        48          0          0          0          0        124   m_wm.l

    ----------------------------------------------------------------------
      6546        356        218          0        100       4144   Library Totals

    ----------------------------------------------------------------------

==============================================================================


      Code (inc. data)   RO Data    RW Data    ZI Data      Debug   

     10518        732        702         20       1636     633444   Grand Totals
     10518        732        702         20       1636     633444   ELF Image Totals
     10518        732        702         20          0          0   ROM Totals

==============================================================================

    Total RO  Size (Code + RO Data)                11220 (  10.96kB)
    Total RW  Size (RW Data + ZI Data)              1656 (   1.62kB)
    Total ROM Size (Code + RO Data + RW Data)      11240 (  10.98kB)

==============================================================================

